ARM Linker, 4.1 [Build 481] [Professional]

==============================================================================

Section Cross References

    main.o(.text) refers to delay.o(.text) for delay_init
    main.o(.text) refers to sys.o(.text) for NVIC_Configuration
    main.o(.text) refers to usart.o(.text) for uart_init
    main.o(.text) refers to led.o(.text) for LED_Init
    main.o(.text) refers to lcd.o(.text) for LCD_Init
    main.o(.text) refers to adc.o(.text) for Adc_Init
    main.o(.text) refers to fflt_clz.o(x$fpl$fflt) for __aeabi_i2f
    main.o(.text) refers to ffix.o(x$fpl$ffix) for __aeabi_f2iz
    main.o(.text) refers to cr4_fft_256_stm32.o(.text) for cr4_fft_256_stm32
    main.o(.text) refers to fmul.o(x$fpl$fmul) for __aeabi_fmul
    main.o(.text) refers to fdiv.o(x$fpl$fdiv) for __aeabi_fdiv
    main.o(.text) refers to faddsub_clz.o(x$fpl$fadd) for __aeabi_fadd
    main.o(.text) refers to f2d.o(x$fpl$f2d) for __aeabi_f2d
    main.o(.text) refers to sqrt.o(i.sqrt) for sqrt
    main.o(.text) refers to ddiv.o(x$fpl$ddiv) for __aeabi_ddiv
    main.o(.text) refers to d2f.o(x$fpl$d2f) for __aeabi_d2f
    main.o(.text) refers to ffixu.o(x$fpl$ffixu) for __aeabi_f2uiz
    main.o(.text) refers to dflt_clz.o(x$fpl$dflt) for __aeabi_i2d
    main.o(.text) refers to atan2.o(i.atan2) for atan2
    main.o(.text) refers to daddsub_clz.o(x$fpl$dsub) for __aeabi_dsub
    main.o(.text) refers to dmul.o(x$fpl$dmul) for __aeabi_dmul
    main.o(.text) refers to sin.o(i.sin) for sin
    main.o(.text) refers to drleqf.o(x$fpl$drleqf) for __aeabi_cdrcmple
    main.o(.text) refers to lcd.o(.data) for POINT_COLOR
    main.o(.text) refers to main.o(.bss) for lBUFIN_V
    main.o(.text) refers to dleqf.o(x$fpl$dleqf) for __aeabi_cdcmple
    main.o(.text) refers to dfixu.o(x$fpl$dfixu) for __aeabi_d2uiz
    system_stm32f10x.o(.text) refers to system_stm32f10x.o(.data) for SystemCoreClock
    led.o(.text) refers to stm32f10x_rcc.o(.text) for RCC_APB2PeriphClockCmd
    led.o(.text) refers to stm32f10x_gpio.o(.text) for GPIO_Init
    key.o(.text) refers to stm32f10x_rcc.o(.text) for RCC_APB2PeriphClockCmd
    key.o(.text) refers to stm32f10x_gpio.o(.text) for GPIO_Init
    key.o(.text) refers to delay.o(.text) for delay_ms
    key.o(.text) refers to key.o(.data) for key_up
    lcd.o(.text) refers to _printf_percent.o(.ARM.Collect$$_printf_percent$$00000000) for _printf_percent
    lcd.o(.text) refers to _printf_x.o(.ARM.Collect$$_printf_percent$$0000000C) for _printf_x
    lcd.o(.text) refers to _printf_hex_int.o(.text) for _printf_longlong_hex
    lcd.o(.text) refers to delay.o(.text) for delay_us
    lcd.o(.text) refers to lcd.o(.bss) for lcddev
    lcd.o(.text) refers to stm32f10x_rcc.o(.text) for RCC_AHBPeriphClockCmd
    lcd.o(.text) refers to stm32f10x_gpio.o(.text) for GPIO_Init
    lcd.o(.text) refers to stm32f10x_fsmc.o(.text) for FSMC_NORSRAMInit
    lcd.o(.text) refers to noretval__2printf.o(.text) for __2printf
    lcd.o(.text) refers to lcd.o(.data) for POINT_COLOR
    lcd.o(.text) refers to lcd.o(.constdata) for asc2_1206
    adc.o(.text) refers to stm32f10x_rcc.o(.text) for RCC_APB2PeriphClockCmd
    adc.o(.text) refers to stm32f10x_gpio.o(.text) for GPIO_Init
    adc.o(.text) refers to stm32f10x_adc.o(.text) for ADC_DeInit
    delay.o(.text) refers to misc.o(.text) for SysTick_CLKSourceConfig
    delay.o(.text) refers to system_stm32f10x.o(.data) for SystemCoreClock
    delay.o(.text) refers to delay.o(.data) for fac_us
    sys.o(.text) refers to misc.o(.text) for NVIC_PriorityGroupConfig
    usart.o(.text) refers (Special) to use_no_semi_2.o(.text) for __use_no_semihosting
    usart.o(.text) refers to stm32f10x_rcc.o(.text) for RCC_APB2PeriphClockCmd
    usart.o(.text) refers to stm32f10x_usart.o(.text) for USART_DeInit
    usart.o(.text) refers to stm32f10x_gpio.o(.text) for GPIO_Init
    usart.o(.text) refers to misc.o(.text) for NVIC_Init
    usart.o(.text) refers to usart.o(.data) for USART_RX_STA
    usart.o(.text) refers to usart.o(.bss) for USART_RX_BUF
    usart.o(.bss) refers (Special) to use_no_semi_2.o(.text) for __use_no_semihosting
    usart.o(.data) refers (Special) to use_no_semi_2.o(.text) for __use_no_semihosting
    startup_stm32f10x_hd.o(STACK) refers (Special) to heapauxi.o(.text) for __use_two_region_memory
    startup_stm32f10x_hd.o(HEAP) refers (Special) to heapauxi.o(.text) for __use_two_region_memory
    startup_stm32f10x_hd.o(RESET) refers (Special) to heapauxi.o(.text) for __use_two_region_memory
    startup_stm32f10x_hd.o(RESET) refers to startup_stm32f10x_hd.o(STACK) for __initial_sp
    startup_stm32f10x_hd.o(RESET) refers to startup_stm32f10x_hd.o(.text) for Reset_Handler
    startup_stm32f10x_hd.o(RESET) refers to stm32f10x_it.o(.text) for NMI_Handler
    startup_stm32f10x_hd.o(RESET) refers to usart.o(.text) for USART1_IRQHandler
    startup_stm32f10x_hd.o(.text) refers (Special) to heapauxi.o(.text) for __use_two_region_memory
[...]
    ../../printf.c                           0x00000000   Number         0  _printf_hex_ll.o ABSOLUTE
    ../../printf.c                           0x00000000   Number         0  __printf_nopercent.o ABSOLUTE
    ../../printf.c                           0x00000000   Number         0  __2printf.o ABSOLUTE
    ../../printf.c                           0x00000000   Number         0  __printf_flags.o ABSOLUTE
    ../../printf.c                           0x00000000   Number         0  _printf_hex_int_ll.o ABSOLUTE
    ../../printf.c                           0x00000000   Number         0  _printf_hex_ptr.o ABSOLUTE
    ../../printf.c                           0x00000000   Number         0  _printf_hex_int_ptr.o ABSOLUTE
    ../../printf.c                           0x00000000   Number         0  _printf_hex_ll_ptr.o ABSOLUTE
    ../../printf.c                           0x00000000   Number         0  _printf_hex_int_ll_ptr.o ABSOLUTE
    ../../printf.c                           0x00000000   Number         0  __printf_ss.o ABSOLUTE
    ../../printf.c                           0x00000000   Number         0  __printf_flags_ss.o ABSOLUTE
    ../../printf.c                           0x00000000   Number         0  __printf_wp.o ABSOLUTE
    ../../printf.c                           0x00000000   Number         0  __printf_flags_wp.o ABSOLUTE
    ../../printf_percent.s                   0x00000000   Number         0  _printf_percent_end.o ABSOLUTE
    ../../printf_percent.s                   0x00000000   Number         0  _printf_x.o ABSOLUTE
    ../../printf_percent.s                   0x00000000   Number         0  _printf_percent.o ABSOLUTE
    ../../qnan.c                             0x00000000   Number         0  qnan.o ABSOLUTE
    ../../retnan.s                           0x00000000   Number         0  retnan.o ABSOLUTE
    ../../rred.c                             0x00000000   Number         0  rred.o ABSOLUTE
    ../../scalbn.s                           0x00000000   Number         0  scalbn.o ABSOLUTE
    ../../signal.c                           0x00000000   Number         0  defsig_exit.o ABSOLUTE
    ../../signal.c                           0x00000000   Number         0  defsig_rtmem_inner.o ABSOLUTE
    ../../signal.c                           0x00000000   Number         0  defsig_rtmem_formal.o ABSOLUTE
    ../../signal.c                           0x00000000   Number         0  __raise.o ABSOLUTE
    ../../signal.c                           0x00000000   Number         0  defsig_general.o ABSOLUTE
    ../../signal.c                           0x00000000   Number         0  defsig_abrt_inner.o ABSOLUTE
    ../../signal.c                           0x00000000   Number         0  defsig_fpe_inner.o ABSOLUTE
    ../../signal.c                           0x00000000   Number         0  defsig_segv_inner.o ABSOLUTE
    ../../signal.c                           0x00000000   Number         0  defsig_cppl_inner.o ABSOLUTE
    ../../signal.c                           0x00000000   Number         0  defsig_rtred_inner.o ABSOLUTE
    ../../signal.c                           0x00000000   Number         0  defsig_other.o ABSOLUTE
    ../../signal.c                           0x00000000   Number         0  defsig_stak_inner.o ABSOLUTE
    ../../signal.c                           0x00000000   Number         0  defsig_pvfn_inner.o ABSOLUTE
    ../../signal.c                           0x00000000   Number         0  defsig_rtmem_outer.o ABSOLUTE
    ../../signal.s                           0x00000000   Number         0  defsig.o ABSOLUTE
    ../../sin.c                              0x00000000   Number         0  sin_x.o ABSOLUTE
    ../../sin.c                              0x00000000   Number         0  sin.o ABSOLUTE
    ../../sin_i.c                            0x00000000   Number         0  sin_i_x.o ABSOLUTE
    ../../sin_i.c                            0x00000000   Number         0  sin_i.o ABSOLUTE
    ../../sqrt.c                             0x00000000   Number         0  sqrt.o ABSOLUTE
    ../../sqrt.c                             0x00000000   Number         0  sqrt_x.o ABSOLUTE
    ../../stdio.c                            0x00000000   Number         0  ferror_locked.o ABSOLUTE
    ../../stdio.c                            0x00000000   Number         0  ferror.o ABSOLUTE
    ../../stdlib.c                           0x00000000   Number         0  exit.o ABSOLUTE
    ../../trapv.s                            0x00000000   Number         0  trapv.o ABSOLUTE
    ../../usenofp.s                          0x00000000   Number         0  usenofp.o ABSOLUTE
    ..\CORE\core_cm3.c                       0x00000000   Number         0  core_cm3.o ABSOLUTE
    ..\CORE\startup_stm32f10x_hd.s           0x00000000   Number         0  startup_stm32f10x_hd.o ABSOLUTE
    ..\HARDWARE\ADC\adc.c                    0x00000000   Number         0  adc.o ABSOLUTE
    ..\HARDWARE\KEY\key.c                    0x00000000   Number         0  key.o ABSOLUTE
    ..\HARDWARE\LCD\lcd.c                    0x00000000   Number         0  lcd.o ABSOLUTE
    ..\HARDWARE\LED\led.c                    0x00000000   Number         0  led.o ABSOLUTE
    ..\STM32F10x_DSP_Lib\src\PID_C_stm32.c   0x00000000   Number         0  pid_c_stm32.o ABSOLUTE
    ..\STM32F10x_DSP_Lib\src\asm\arm\PID_stm32.s 0x00000000   Number         0  pid_stm32.o ABSOLUTE
    ..\STM32F10x_DSP_Lib\src\asm\arm\cr4_fft_1024_stm32.s 0x00000000   Number         0  cr4_fft_1024_stm32.o ABSOLUTE
    ..\STM32F10x_DSP_Lib\src\asm\arm\cr4_fft_256_stm32.s 0x00000000   Number         0  cr4_fft_256_stm32.o ABSOLUTE
    ..\STM32F10x_DSP_Lib\src\asm\arm\cr4_fft_64_stm32.s 0x00000000   Number         0  cr4_fft_64_stm32.o ABSOLUTE
    ..\STM32F10x_DSP_Lib\src\asm\arm\fir_stm32.s 0x00000000   Number         0  fir_stm32.o ABSOLUTE
    ..\STM32F10x_DSP_Lib\src\asm\arm\iirarma_stm32.s 0x00000000   Number         0  iirarma_stm32.o ABSOLUTE
    ..\STM32F10x_DSP_Lib\src\iir_stm32.c     0x00000000   Number         0  iir_stm32.o ABSOLUTE
    ..\STM32F10x_FWLib\src\misc.c            0x00000000   Number         0  misc.o ABSOLUTE
    ..\STM32F10x_FWLib\src\stm32f10x_adc.c   0x00000000   Number         0  stm32f10x_adc.o ABSOLUTE
    ..\STM32F10x_FWLib\src\stm32f10x_fsmc.c  0x00000000   Number         0  stm32f10x_fsmc.o ABSOLUTE
    ..\STM32F10x_FWLib\src\stm32f10x_gpio.c  0x00000000   Number         0  stm32f10x_gpio.o ABSOLUTE
    ..\STM32F10x_FWLib\src\stm32f10x_rcc.c   0x00000000   Number         0  stm32f10x_rcc.o ABSOLUTE
    ..\STM32F10x_FWLib\src\stm32f10x_usart.c 0x00000000   Number         0  stm32f10x_usart.o ABSOLUTE
    ..\SYSTEM\delay\delay.c                  0x00000000   Number         0  delay.o ABSOLUTE
    ..\SYSTEM\sys\sys.c                      0x00000000   Number         0  sys.o ABSOLUTE
    ..\SYSTEM\usart\usart.c                  0x00000000   Number         0  usart.o ABSOLUTE
    ..\\CORE\\core_cm3.c                     0x00000000   Number         0  core_cm3.o ABSOLUTE
    dc.s                                     0x00000000   Number         0  dc.o ABSOLUTE
    main.c                                   0x00000000   Number         0  main.o ABSOLUTE
    stm32f10x_it.c                           0x00000000   Number         0  stm32f10x_it.o ABSOLUTE
    system_stm32f10x.c                       0x00000000   Number         0  system_stm32f10x.o ABSOLUTE
    RESET                                    0x08000000   Section      304  startup_stm32f10x_hd.o(RESET)
    !!!main                                  0x08000130   Section        8  __main.o(!!!main)
    !!!scatter                               0x08000138   Section       52  __scatter.o(!!!scatter)
    !!handler_copy                           0x0800016c   Section       26  __scatter_copy.o(!!handler_copy)
    !!handler_zi                             0x08000188   Section       28  __scatter_zi.o(!!handler_zi)
    .ARM.Collect$$_printf_percent$$00000000  0x080001a4   Section        0  _printf_percent.o(.ARM.Collect$$_printf_percent$$00000000)
    .ARM.Collect$$_printf_percent$$0000000C  0x080001a4   Section        6  _printf_x.o(.ARM.Collect$$_printf_percent$$0000000C)
    .ARM.Collect$$_printf_percent$$00000017  0x080001aa   Section        4  _printf_percent_end.o(.ARM.Collect$$_printf_percent$$00000017)
    .ARM.Collect$$libinit$$00000000          0x080001ae   Section        6  libinit.o(.ARM.Collect$$libinit$$00000000)
    .ARM.Collect$$libinit$$00000006          0x080001b4   Section        0  libinit2.o(.ARM.Collect$$libinit$$00000006)
    .ARM.Collect$$libinit$$00000008          0x080001b4   Section        0  libinit2.o(.ARM.Collect$$libinit$$00000008)
    .ARM.Collect$$libinit$$0000000A          0x080001b4   Section        0  libinit2.o(.ARM.Collect$$libinit$$0000000A)
    .ARM.Collect$$libinit$$0000000D          0x080001b4   Section        0  libinit2.o(.ARM.Collect$$libinit$$0000000D)
    .ARM.Collect$$libinit$$0000000F          0x080001b4   Section        0  libinit2.o(.ARM.Collect$$libinit$$0000000F)
    .ARM.Collect$$libinit$$00000011          0x080001b4   Section        0  libinit2.o(.ARM.Collect$$libinit$$00000011)
    .ARM.Collect$$libinit$$00000013          0x080001b4   Section        0  libinit2.o(.ARM.Collect$$libinit$$00000013)
    .ARM.Collect$$libinit$$00000015          0x080001b4   Section        0  libinit2.o(.ARM.Collect$$libinit$$00000015)
    .ARM.Collect$$libinit$$00000017          0x080001b4   Section        0  libinit2.o(.ARM.Collect$$libinit$$00000017)
    .ARM.Collect$$libinit$$00000019          0x080001b4   Section        0  libinit2.o(.ARM.Collect$$libinit$$00000019)
    .ARM.Collect$$libinit$$0000001B          0x080001b4   Section        0  libinit2.o(.ARM.Collect$$libinit$$0000001B)
    .ARM.Collect$$libinit$$0000001D          0x080001b4   Section        0  libinit2.o(.ARM.Collect$$libinit$$0000001D)
    .ARM.Collect$$libinit$$0000001F          0x080001b4   Section        0  libinit2.o(.ARM.Collect$$libinit$$0000001F)
    .ARM.Collect$$libinit$$00000021          0x080001b4   Section        0  libinit2.o(.ARM.Collect$$libinit$$00000021)
    .ARM.Collect$$libinit$$00000028          0x080001b4   Section        0  libinit2.o(.ARM.Collect$$libinit$$00000028)
    .ARM.Collect$$libinit$$0000002A          0x080001b4   Section        0  libinit2.o(.ARM.Collect$$libinit$$0000002A)
    .ARM.Collect$$libinit$$0000002C          0x080001b4   Section        0  libinit2.o(.ARM.Collect$$libinit$$0000002C)
    .ARM.Collect$$libinit$$0000002E          0x080001b4   Section        0  libinit2.o(.ARM.Collect$$libinit$$0000002E)
    .ARM.Collect$$libinit$$0000002F          0x080001b4   Section        2  libinit2.o(.ARM.Collect$$libinit$$0000002F)
    .ARM.Collect$$libshutdown$$00000000      0x080001b6   Section        2  libshutdown.o(.ARM.Collect$$libshutdown$$00000000)
    .ARM.Collect$$libshutdown$$00000003      0x080001b8   Section        0  libshutdown2.o(.ARM.Collect$$libshutdown$$00000003)
    .ARM.Collect$$libshutdown$$00000006      0x080001b8   Section        0  libshutdown2.o(.ARM.Collect$$libshutdown$$00000006)
    .ARM.Collect$$libshutdown$$00000009      0x080001b8   Section        0  libshutdown2.o(.ARM.Collect$$libshutdown$$00000009)
    .ARM.Collect$$libshutdown$$0000000B      0x080001b8   Section        0  libshutdown2.o(.ARM.Collect$$libshutdown$$0000000B)
    .ARM.Collect$$libshutdown$$0000000E      0x080001b8   Section        0  libshutdown2.o(.ARM.Collect$$libshutdown$$0000000E)
    .ARM.Collect$$libshutdown$$0000000F      0x080001b8   Section        2  libshutdown2.o(.ARM.Collect$$libshutdown$$0000000F)
    .ARM.Collect$$rtentry$$00000000          0x080001ba   Section        0  rtentry.o(.ARM.Collect$$rtentry$$00000000)
    .ARM.Collect$$rtentry$$00000002          0x080001ba   Section        0  rtentry2.o(.ARM.Collect$$rtentry$$00000002)
    .ARM.Collect$$rtentry$$00000004          0x080001ba   Section        6  rtentry4.o(.ARM.Collect$$rtentry$$00000004)
    .ARM.Collect$$rtentry$$00000009          0x080001c0   Section        0  rtentry2.o(.ARM.Collect$$rtentry$$00000009)
    .ARM.Collect$$rtentry$$0000000A          0x080001c0   Section        4  rtentry2.o(.ARM.Collect$$rtentry$$0000000A)
    .ARM.Collect$$rtentry$$0000000C          0x080001c4   Section        0  rtentry2.o(.ARM.Collect$$rtentry$$0000000C)
    .ARM.Collect$$rtentry$$0000000D          0x080001c4   Section        8  rtentry2.o(.ARM.Collect$$rtentry$$0000000D)
    .ARM.Collect$$rtexit$$00000000           0x080001cc   Section        2  rtexit.o(.ARM.Collect$$rtexit$$00000000)
    .ARM.Collect$$rtexit$$00000002           0x080001ce   Section        0  rtexit2.o(.ARM.Collect$$rtexit$$00000002)
    .ARM.Collect$$rtexit$$00000003           0x080001ce   Section        4  rtexit2.o(.ARM.Collect$$rtexit$$00000003)
    .ARM.Collect$$rtexit$$00000004           0x080001d2   Section        6  rtexit2.o(.ARM.Collect$$rtexit$$00000004)
    .text                                    0x080001d8   Section        0  main.o(.text)
    .text                                    0x080007d4   Section        0  stm32f10x_it.o(.text)
    .text                                    0x080007f0   Section        0  system_stm32f10x.o(.text)
    SetSysClockTo72                          0x080007f1   Thumb Code   192  system_stm32f10x.o(.text)
    SetSysClock                              0x080008b1   Thumb Code     8  system_stm32f10x.o(.text)
    .text                                    0x080009b8   Section        0  led.o(.text)
    .text                                    0x08000a04   Section        0  lcd.o(.text)
    .text                                    0x08002dc4   Section        0  adc.o(.text)
    .text                                    0x08002ea8   Section        0  delay.o(.text)
    .text                                    0x08002f6c   Section        0  sys.o(.text)
    .text                                    0x08002f78   Section        0  usart.o(.text)
    .text                                    0x080030c0   Section       64  startup_stm32f10x_hd.o(.text)
    .text                                    0x08003100   Section        0  misc.o(.text)
    .text                                    0x080031f8   Section        0  stm32f10x_adc.o(.text)
    .text                                    0x08003638   Section        0  stm32f10x_fsmc.o(.text)
    .text                                    0x08003c50   Section        0  stm32f10x_gpio.o(.text)
    .text                                    0x08003fa8   Section        0  stm32f10x_rcc.o(.text)
    .text                                    0x0800434c   Section        0  stm32f10x_usart.o(.text)
    .text                                    0x08004758   Section     1502  cr4_fft_256_stm32.o(.text)
    .text                                    0x08004d36   Section        2  use_no_semi_2.o(.text)
    .text                                    0x08004d38   Section        0  noretval__2printf.o(.text)
    .text                                    0x08004d50   Section        0  __printf.o(.text)
    .text                                    0x08004dbc   Section        0  _printf_hex_int.o(.text)
    .text                                    0x08004e18   Section        0  heapauxi.o(.text)
    .text                                    0x08004e1e   Section        2  use_no_semi.o(.text)
    .text                                    0x08004e20   Section        0  _rserrno.o(.text)
    .text                                    0x08004e36   Section        0  _printf_intcommon.o(.text)
    .text                                    0x08004eec   Section        0  _printf_char_file.o(.text)
    .text                                    0x08004f10   Section       12  rt_errno_addr_intlibspace.o(.text)
    .text                                    0x08004f1c   Section        0  _printf_char_common.o(.text)
    _printf_input_char                       0x08004f1d   Thumb Code    10  _printf_char_common.o(.text)
    .text                                    0x08004f4c   Section        0  ferror.o(.text)
    .text                                    0x08004f54   Section        8  libspace.o(.text)
    .text                                    0x08004f5c   Section       74  sys_stackheap_outer.o(.text)
    .text                                    0x08004fa6   Section        0  exit.o(.text)
    .text                                    0x08004fb4   Section       12  rt_fp_status_addr_intlibspace.o(.text)
    i.__ARM_fpclassify                       0x08004fc0   Section        0  fpclassify.o(i.__ARM_fpclassify)
    i.__ieee754_rem_pio2                     0x08004fe8   Section        0  rred.o(i.__ieee754_rem_pio2)
    i.__kernel_cos                           0x08005370   Section        0  cos_i.o(i.__kernel_cos)
    i.__kernel_poly                          0x0800546c   Section        0  poly.o(i.__kernel_poly)
    i.__kernel_sin                           0x08005518   Section        0  sin_i.o(i.__kernel_sin)
    i.__mathlib_dbl_underflow                0x08005608   Section        0  dunder.o(i.__mathlib_dbl_underflow)
    i.atan                                   0x08005618   Section        0  atan.o(i.atan)
    i.atan2                                  0x0800583c   Section        0  atan2.o(i.atan2)
    i.sin                                    0x080059bc   Section        0  sin.o(i.sin)
    i.sqrt                                   0x08005a6c   Section        0  sqrt.o(i.sqrt)
    x$fpl$d2f                                0x08005ab8   Section       98  d2f.o(x$fpl$d2f)
    x$fpl$dadd                               0x08005b1c   Section      332  daddsub_clz.o(x$fpl$dadd)
    _dadd1                                   0x08005b2d   Thumb Code     0  daddsub_clz.o(x$fpl$dadd)
    x$fpl$dcheck1                            0x08005c68   Section       16  dcheck1.o(x$fpl$dcheck1)
    x$fpl$dcmpinf                            0x08005c78   Section       24  dcmpi.o(x$fpl$dcmpinf)
    x$fpl$ddiv                               0x08005c90   Section      688  ddiv.o(x$fpl$ddiv)
    ddiv_entry                               0x08005c97   Thumb Code     0  ddiv.o(x$fpl$ddiv)
    x$fpl$dfix                               0x08005f40   Section       94  dfix.o(x$fpl$dfix)
    x$fpl$dfixu                              0x08005fa0   Section       90  dfixu.o(x$fpl$dfixu)
    x$fpl$dflt                               0x08005ffa   Section       46  dflt_clz.o(x$fpl$dflt)
    x$fpl$dfltu                              0x08006028   Section       38  dflt_clz.o(x$fpl$dfltu)
    x$fpl$dleqf                              0x08006050   Section      120  dleqf.o(x$fpl$dleqf)
    x$fpl$dmul                               0x080060c8   Section      340  dmul.o(x$fpl$dmul)
    x$fpl$dnaninf                            0x0800621c   Section      156  dnaninf.o(x$fpl$dnaninf)
    x$fpl$dretinf                            0x080062b8   Section       12  dretinf.o(x$fpl$dretinf)
    x$fpl$drleqf                             0x080062c4   Section      108  drleqf.o(x$fpl$drleqf)
    x$fpl$drsb                               0x08006330   Section       22  daddsub_clz.o(x$fpl$drsb)
    x$fpl$dsqrt                              0x08006348   Section      460  dsqrt_noumaal.o(x$fpl$dsqrt)
    x$fpl$dsub                               0x08006514   Section      468  daddsub_clz.o(x$fpl$dsub)
    _dsub1                                   0x08006525   Thumb Code     0  daddsub_clz.o(x$fpl$dsub)
    x$fpl$f2d                                0x080066e8   Section       86  f2d.o(x$fpl$f2d)
    x$fpl$fadd                               0x08006740   Section      196  faddsub_clz.o(x$fpl$fadd)
    _fadd1                                   0x0800674f   Thumb Code     0  faddsub_clz.o(x$fpl$fadd)
    x$fpl$fdiv                               0x08006804   Section      388  fdiv.o(x$fpl$fdiv)
    _fdiv1                                   0x08006805   Thumb Code     0  fdiv.o(x$fpl$fdiv)
    x$fpl$ffix                               0x08006988   Section       54  ffix.o(x$fpl$ffix)
    x$fpl$ffixu                              0x080069c0   Section       62  ffixu.o(x$fpl$ffixu)
    x$fpl$fflt                               0x08006a00   Section       48  fflt_clz.o(x$fpl$fflt)
    x$fpl$fmul                               0x08006a30   Section      258  fmul.o(x$fpl$fmul)
    x$fpl$fnaninf                            0x08006b32   Section      140  fnaninf.o(x$fpl$fnaninf)
    x$fpl$fpinit                             0x08006bbe   Section       14  fpinit.o(x$fpl$fpinit)
    x$fpl$fretinf                            0x08006bcc   Section       10  fretinf.o(x$fpl$fretinf)
    x$fpl$fsub                               0x08006bd8   Section      234  faddsub_clz.o(x$fpl$fsub)
    _fsub1                                   0x08006be7   Thumb Code     0  faddsub_clz.o(x$fpl$fsub)
    x$fpl$retnan                             0x08006cc2   Section      100  retnan.o(x$fpl$retnan)
    x$fpl$scalbn                             0x08006d26   Section       96  scalbn.o(x$fpl$scalbn)
    x$fpl$trapveneer                         0x08006d86   Section       48  trapv.o(x$fpl$trapveneer)
    .constdata                               0x08006db6   Section     2660  lcd.o(.constdata)
    x$fpl$usenofp                            0x08006db6   Section        0  usenofp.o(x$fpl$usenofp)
    .constdata                               0x0800781a   Section       40  _printf_hex_int.o(.constdata)
    uc_hextab                                0x0800781a   Data          20  _printf_hex_int.o(.constdata)
    lc_hextab                                0x0800782e   Data          20  _printf_hex_int.o(.constdata)
    .constdata                               0x08007848   Section      152  atan.o(.constdata)
    atanhi                                   0x08007848   Data          32  atan.o(.constdata)
    atanlo                                   0x08007868   Data          32  atan.o(.constdata)
    aTodd                                    0x08007888   Data          40  atan.o(.constdata)
    aTeven                                   0x080078b0   Data          48  atan.o(.constdata)
    .constdata                               0x080078e0   Section       48  cos_i.o(.constdata)
    C                                        0x080078e0   Data          48  cos_i.o(.constdata)
    .constdata                               0x08007910   Section        8  qnan.o(.constdata)
    .constdata                               0x08007918   Section      200  rred.o(.constdata)
    pio2s                                    0x08007918   Data          48  rred.o(.constdata)
    twooverpi                                0x08007948   Data         152  rred.o(.constdata)
    .constdata                               0x080079e0   Section       40  sin_i.o(.constdata)
    S                                        0x080079e0   Data          40  sin_i.o(.constdata)
    .data                                    0x20000000   Section       20  system_stm32f10x.o(.data)
    .data                                    0x20000014   Section        4  lcd.o(.data)
    .data                                    0x20000018   Section        4  delay.o(.data)
    fac_us                                   0x20000018   Data           1  delay.o(.data)
    fac_ms                                   0x2000001a   Data           2  delay.o(.data)
    .data                                    0x2000001c   Section        8  usart.o(.data)
    .data                                    0x20000024   Section       20  stm32f10x_rcc.o(.data)
    APBAHBPrescTable                         0x20000024   Data          16  stm32f10x_rcc.o(.data)
    ADCPrescTable                            0x20000034   Data           4  stm32f10x_rcc.o(.data)
    .bss                                     0x20000038   Section    12344  main.o(.bss)
    .bss                                     0x20003070   Section       10  lcd.o(.bss)
    .bss                                     0x2000307a   Section      200  usart.o(.bss)
    .bss                                     0x20003144   Section       96  libspace.o(.bss)
    HEAP                                     0x200031a8   Section      512  startup_stm32f10x_hd.o(HEAP)
    Heap_Mem                                 0x200031a8   Data         512  startup_stm32f10x_hd.o(HEAP)
    STACK                                    0x200033a8   Section     1024  startup_stm32f10x_hd.o(STACK)
    Stack_Mem                                0x200033a8   Data        1024  startup_stm32f10x_hd.o(STACK)
    __initial_sp                             0x200037a8   Data           0  startup_stm32f10x_hd.o(STACK)

    Global Symbols

    Symbol Name                              Value     Ov Type        Size  Object(Section)

    BuildAttributes$$THM_ISAv4$P$D$K$B$S$PE$A:L22UL41UL21$X:L11$S22US41US21$IEEE1$IW$USESV6$~STKCKD$USESV7$~SHL$OTIME$ROPI$IEEEX$EBA8$UX$STANDARDLIB$REQ8$PRES8$EABIv2 0x00000000   Number         0  anon$$obj.o ABSOLUTE
    __ARM_use_no_argv                        0x00000000   Number         0  main.o ABSOLUTE
    __ARM_exceptions_init                     - Undefined Weak Reference
    __alloca_initialize                       - Undefined Weak Reference
    __cpp_initialize__aeabi_                  - Undefined Weak Reference
    __cxa_finalize                            - Undefined Weak Reference
    __fpl_infinity                            - Undefined Weak Reference
    __rt_locale                               - Undefined Weak Reference
    __sigvec_lookup                           - Undefined Weak Reference
    _atexit_init                              - Undefined Weak Reference
    _call_atexit_fns                          - Undefined Weak Reference
    _clock_init                               - Undefined Weak Reference
    _fp_trap_init                             - Undefined Weak Reference
    _fp_trap_shutdown                         - Undefined Weak Reference
    _get_lc_collate                           - Undefined Weak Reference
    _get_lc_ctype                             - Undefined Weak Reference
    _get_lc_monetary                          - Undefined Weak Reference
    _get_lc_numeric                           - Undefined Weak Reference
    _get_lc_time                              - Undefined Weak Reference
    _getenv_init                              - Undefined Weak Reference
    _handle_redirection                       - Undefined Weak Reference
    _init_alloc                               - Undefined Weak Reference
    _init_user_alloc                          - Undefined Weak Reference
    _initio                                   - Undefined Weak Reference
    _mutex_acquire                            - Undefined Weak Reference
    _mutex_release                            - Undefined Weak Reference
    _printf_post_padding                      - Undefined Weak Reference
    _printf_pre_padding                       - Undefined Weak Reference
    _printf_truncate_unsigned                 - Undefined Weak Reference
    _rand_init                                - Undefined Weak Reference
    _signal_finish                            - Undefined Weak Reference
    _signal_init                              - Undefined Weak Reference
    _terminate_alloc                          - Undefined Weak Reference
    _terminate_user_alloc                     - Undefined Weak Reference
    _terminateio                              - Undefined Weak Reference
    __Vectors_Size                           0x00000130   Number         0  startup_stm32f10x_hd.o ABSOLUTE
    __Vectors                                0x08000000   Data           4  startup_stm32f10x_hd.o(RESET)
    __Vectors_End                            0x08000130   Data           0  startup_stm32f10x_hd.o(RESET)
    __main                                   0x08000131   Thumb Code     8  __main.o(!!!main)
    __scatterload                            0x08000139   Thumb Code     0  __scatter.o(!!!scatter)
    __scatterload_rt2                        0x08000139   Thumb Code    44  __scatter.o(!!!scatter)
    __scatterload_rt2_thumb_only             0x08000139   Thumb Code     0  __scatter.o(!!!scatter)
    __scatterload_null                       0x08000147   Thumb Code     0  __scatter.o(!!!scatter)
    __scatterload_copy                       0x0800016d   Thumb Code    26  __scatter_copy.o(!!handler_copy)
    __scatterload_zeroinit                   0x08000189   Thumb Code    28  __scatter_zi.o(!!handler_zi)
    _printf_percent                          0x080001a5   Thumb Code     0  _printf_percent.o(.ARM.Collect$$_printf_percent$$00000000)
    _printf_x                                0x080001a5   Thumb Code     0  _printf_x.o(.ARM.Collect$$_printf_percent$$0000000C)
    _printf_percent_end                      0x080001ab   Thumb Code     0  _printf_percent_end.o(.ARM.Collect$$_printf_percent$$00000017)
    __rt_lib_init                            0x080001af   Thumb Code     0  libinit.o(.ARM.Collect$$libinit$$00000000)
    __rt_lib_init_alloca_1                   0x080001b5   Thumb Code     0  libinit2.o(.ARM.Collect$$libinit$$0000002A)
    __rt_lib_init_argv_1                     0x080001b5   Thumb Code     0  libinit2.o(.ARM.Collect$$libinit$$00000028)
    __rt_lib_init_atexit_1                   0x080001b5   Thumb Code     0  libinit2.o(.ARM.Collect$$libinit$$00000017)
    __rt_lib_init_clock_1                    0x080001b5   Thumb Code     0  libinit2.o(.ARM.Collect$$libinit$$0000001D)
    __rt_lib_init_cpp_1                      0x080001b5   Thumb Code     0  libinit2.o(.ARM.Collect$$libinit$$0000002E)
    __rt_lib_init_exceptions_1               0x080001b5   Thumb Code     0  libinit2.o(.ARM.Collect$$libinit$$0000002C)
    __rt_lib_init_fp_trap_1                  0x080001b5   Thumb Code     0  libinit2.o(.ARM.Collect$$libinit$$0000001B)
    __rt_lib_init_getenv_1                   0x080001b5   Thumb Code     0  libinit2.o(.ARM.Collect$$libinit$$0000001F)
    __rt_lib_init_heap_1                     0x080001b5   Thumb Code     0  libinit2.o(.ARM.Collect$$libinit$$00000006)
    __rt_lib_init_lc_collate_1               0x080001b5   Thumb Code     0  libinit2.o(.ARM.Collect$$libinit$$0000000D)
    __rt_lib_init_lc_ctype_1                 0x080001b5   Thumb Code     0  libinit2.o(.ARM.Collect$$libinit$$0000000F)
    __rt_lib_init_lc_monetary_1              0x080001b5   Thumb Code     0  libinit2.o(.ARM.Collect$$libinit$$00000011)
    __rt_lib_init_lc_numeric_1               0x080001b5   Thumb Code     0  libinit2.o(.ARM.Collect$$libinit$$00000013)
    __rt_lib_init_lc_time_1                  0x080001b5   Thumb Code     0  libinit2.o(.ARM.Collect$$libinit$$00000015)
    __rt_lib_init_rand_1                     0x080001b5   Thumb Code     0  libinit2.o(.ARM.Collect$$libinit$$0000000A)
    __rt_lib_init_return                     0x080001b5   Thumb Code     0  libinit2.o(.ARM.Collect$$libinit$$0000002F)
    __rt_lib_init_signal_1                   0x080001b5   Thumb Code     0  libinit2.o(.ARM.Collect$$libinit$$00000019)
    __rt_lib_init_stdio_1                    0x080001b5   Thumb Code     0  libinit2.o(.ARM.Collect$$libinit$$00000021)
    __rt_lib_init_user_alloc_1               0x080001b5   Thumb Code     0  libinit2.o(.ARM.Collect$$libinit$$00000008)
    __rt_lib_shutdown                        0x080001b7   Thumb Code     0  libshutdown.o(.ARM.Collect$$libshutdown$$00000000)
    __rt_lib_shutdown_fp_trap_1              0x080001b9   Thumb Code     0  libshutdown2.o(.ARM.Collect$$libshutdown$$00000006)
    __rt_lib_shutdown_heap_1                 0x080001b9   Thumb Code     0  libshutdown2.o(.ARM.Collect$$libshutdown$$0000000E)
    __rt_lib_shutdown_return                 0x080001b9   Thumb Code     0  libshutdown2.o(.ARM.Collect$$libshutdown$$0000000F)
    __rt_lib_shutdown_signal_1               0x080001b9   Thumb Code     0  libshutdown2.o(.ARM.Collect$$libshutdown$$00000009)
    __rt_lib_shutdown_stdio_1                0x080001b9   Thumb Code     0  libshutdown2.o(.ARM.Collect$$libshutdown$$00000003)
    __rt_lib_shutdown_user_alloc_1           0x080001b9   Thumb Code     0  libshutdown2.o(.ARM.Collect$$libshutdown$$0000000B)
    __rt_entry                               0x080001bb   Thumb Code     0  rtentry.o(.ARM.Collect$$rtentry$$00000000)
    __rt_entry_presh_1                       0x080001bb   Thumb Code     0  rtentry2.o(.ARM.Collect$$rtentry$$00000002)
    __rt_entry_sh                            0x080001bb   Thumb Code     0  rtentry4.o(.ARM.Collect$$rtentry$$00000004)
    __rt_entry_li                            0x080001c1   Thumb Code     0  rtentry2.o(.ARM.Collect$$rtentry$$0000000A)
    __rt_entry_postsh_1                      0x080001c1   Thumb Code     0  rtentry2.o(.ARM.Collect$$rtentry$$00000009)
    __rt_entry_main                          0x080001c5   Thumb Code     0  rtentry2.o(.ARM.Collect$$rtentry$$0000000D)
    __rt_entry_postli_1                      0x080001c5   Thumb Code     0  rtentry2.o(.ARM.Collect$$rtentry$$0000000C)
    __rt_exit                                0x080001cd   Thumb Code     0  rtexit.o(.ARM.Collect$$rtexit$$00000000)
    __rt_exit_ls                             0x080001cf   Thumb Code     0  rtexit2.o(.ARM.Collect$$rtexit$$00000003)
    __rt_exit_prels_1                        0x080001cf   Thumb Code     0  rtexit2.o(.ARM.Collect$$rtexit$$00000002)
    __rt_exit_exit                           0x080001d3   Thumb Code     0  rtexit2.o(.ARM.Collect$$rtexit$$00000004)
    allphase                                 0x080001d9   Thumb Code   170  main.o(.text)
    main                                     0x08000283   Thumb Code  1340  main.o(.text)
    NMI_Handler                              0x080007d5   Thumb Code     2  stm32f10x_it.o(.text)
    HardFault_Handler                        0x080007d7   Thumb Code     4  stm32f10x_it.o(.text)
    MemManage_Handler                        0x080007db   Thumb Code     4  stm32f10x_it.o(.text)
    BusFault_Handler                         0x080007df   Thumb Code     4  stm32f10x_it.o(.text)
    UsageFault_Handler                       0x080007e3   Thumb Code     4  stm32f10x_it.o(.text)
    SVC_Handler                              0x080007e7   Thumb Code     2  stm32f10x_it.o(.text)
    DebugMon_Handler                         0x080007e9   Thumb Code     2  stm32f10x_it.o(.text)
    PendSV_Handler                           0x080007eb   Thumb Code     2  stm32f10x_it.o(.text)
    SysTick_Handler                          0x080007ed   Thumb Code     2  stm32f10x_it.o(.text)
    SystemInit                               0x080008b9   Thumb Code    78  system_stm32f10x.o(.text)
    SystemCoreClockUpdate                    0x08000907   Thumb Code   142  system_stm32f10x.o(.text)
    LED_Init                                 0x080009b9   Thumb Code    68  led.o(.text)
    LCD_WR_REG                               0x08000a05   Thumb Code     6  lcd.o(.text)
    LCD_WR_DATA                              0x08000a0b   Thumb Code     6  lcd.o(.text)
    LCD_RD_DATA                              0x08000a11   Thumb Code     6  lcd.o(.text)
    LCD_WriteReg                             0x08000a17   Thumb Code    14  lcd.o(.text)
    LCD_ReadReg                              0x08000a25   Thumb Code    22  lcd.o(.text)
    LCD_WriteRAM_Prepare                     0x08000a3b   Thumb Code    10  lcd.o(.text)
    LCD_WriteRAM                             0x08000a45   Thumb Code     6  lcd.o(.text)
    LCD_BGR2RGB                              0x08000a4b   Thumb Code    26  lcd.o(.text)
    opt_delay                                0x08000a65   Thumb Code    14  lcd.o(.text)
    LCD_SetCursor                            0x08000a73   Thumb Code   112  lcd.o(.text)
    LCD_ReadPoint                            0x08000ae3   Thumb Code   266  lcd.o(.text)
    LCD_DisplayOn                            0x08000bed   Thumb Code    46  lcd.o(.text)
    LCD_DisplayOff                           0x08000c1b   Thumb Code    44  lcd.o(.text)
    LCD_Scan_Dir                             0x08000c47   Thumb Code   466  lcd.o(.text)
    LCD_DrawPoint                            0x08000e19   Thumb Code    28  lcd.o(.text)
    LCD_Fast_DrawPoint                       0x08000e35   Thumb Code   130  lcd.o(.text)
    LCD_Display_Dir                          0x08000eb7   Thumb Code   240  lcd.o(.text)
    LCD_Clear                                0x08000fa7   Thumb Code    44  lcd.o(.text)
    LCD_Init                                 0x08000fd3   Thumb Code  6248  lcd.o(.text)
    LCD_Fill                                 0x0800283b   Thumb Code    80  lcd.o(.text)
    LCD_Color_Fill                           0x0800288b   Thumb Code    94  lcd.o(.text)
    LCD_DrawLine                             0x080028e9   Thumb Code   176  lcd.o(.text)
    LCD_DrawRectangle                        0x08002999   Thumb Code    60  lcd.o(.text)
    Draw_Circle                              0x080029d5   Thumb Code   152  lcd.o(.text)
    LCD_ShowChar                             0x08002a6d   Thumb Code   366  lcd.o(.text)
    LCD_Pow                                  0x08002bdb   Thumb Code    22  lcd.o(.text)
    LCD_ShowNum                              0x08002bf1   Thumb Code   152  lcd.o(.text)
    LCD_ShowxNum                             0x08002c89   Thumb Code   194  lcd.o(.text)
    LCD_ShowString                           0x08002d4b   Thumb Code   102  lcd.o(.text)
    Adc_Init                                 0x08002dc5   Thumb Code   132  adc.o(.text)
    Get_Adc                                  0x08002e49   Thumb Code    46  adc.o(.text)
    Get_Adc_Average                          0x08002e77   Thumb Code    40  adc.o(.text)
    delay_init                               0x08002ea9   Thumb Code    40  delay.o(.text)
    delay_us                                 0x08002ed1   Thumb Code    70  delay.o(.text)
    delay_ms                                 0x08002f17   Thumb Code    70  delay.o(.text)
    NVIC_Configuration                       0x08002f6d   Thumb Code    12  sys.o(.text)
    _sys_exit                                0x08002f79   Thumb Code     6  usart.o(.text)
    fputc                                    0x08002f7f   Thumb Code    20  usart.o(.text)
    uart_init                                0x08002f93   Thumb Code   158  usart.o(.text)
    USART1_IRQHandler                        0x08003031   Thumb Code   122  usart.o(.text)
    Reset_Handler                            0x080030c1   Thumb Code     8  startup_stm32f10x_hd.o(.text)
    ADC1_2_IRQHandler                        0x080030db   Thumb Code     0  startup_stm32f10x_hd.o(.text)
    ADC3_IRQHandler                          0x080030db   Thumb Code     0  startup_stm32f10x_hd.o(.text)
    CAN1_RX1_IRQHandler                      0x080030db   Thumb Code     0  startup_stm32f10x_hd.o(.text)
    CAN1_SCE_IRQHandler                      0x080030db   Thumb Code     0  startup_stm32f10x_hd.o(.text)
    DMA1_Channel1_IRQHandler                 0x080030db   Thumb Code     0  startup_stm32f10x_hd.o(.text)
    DMA1_Channel2_IRQHandler                 0x080030db   Thumb Code     0  startup_stm32f10x_hd.o(.text)
    DMA1_Channel3_IRQHandler                 0x080030db   Thumb Code     0  startup_stm32f10x_hd.o(.text)
    DMA1_Channel4_IRQHandler                 0x080030db   Thumb Code     0  startup_stm32f10x_hd.o(.text)
    DMA1_Channel5_IRQHandler                 0x080030db   Thumb Code     0  startup_stm32f10x_hd.o(.text)
    DMA1_Channel6_IRQHandler                 0x080030db   Thumb Code     0  startup_stm32f10x_hd.o(.text)
    DMA1_Channel7_IRQHandler                 0x080030db   Thumb Code     0  startup_stm32f10x_hd.o(.text)
    DMA2_Channel1_IRQHandler                 0x080030db   Thumb Code     0  startup_stm32f10x_hd.o(.text)
    DMA2_Channel2_IRQHandler                 0x080030db   Thumb Code     0  startup_stm32f10x_hd.o(.text)
    DMA2_Channel3_IRQHandler                 0x080030db   Thumb Code     0  startup_stm32f10x_hd.o(.text)
    DMA2_Channel4_5_IRQHandler               0x080030db   Thumb Code     0  startup_stm32f10x_hd.o(.text)
    EXTI0_IRQHandler                         0x080030db   Thumb Code     0  startup_stm32f10x_hd.o(.text)
    EXTI15_10_IRQHandler                     0x080030db   Thumb Code     0  startup_stm32f10x_hd.o(.text)
    EXTI1_IRQHandler                         0x080030db   Thumb Code     0  startup_stm32f10x_hd.o(.text)
    EXTI2_IRQHandler                         0x080030db   Thumb Code     0  startup_stm32f10x_hd.o(.text)
    EXTI3_IRQHandler                         0x080030db   Thumb Code     0  startup_stm32f10x_hd.o(.text)
    EXTI4_IRQHandler                         0x080030db   Thumb Code     0  startup_stm32f10x_hd.o(.text)
    EXTI9_5_IRQHandler                       0x080030db   Thumb Code     0  startup_stm32f10x_hd.o(.text)
    FLASH_IRQHandler                         0x080030db   Thumb Code     0  startup_stm32f10x_hd.o(.text)
    FSMC_IRQHandler                          0x080030db   Thumb Code     0  startup_stm32f10x_hd.o(.text)
    I2C1_ER_IRQHandler                       0x080030db   Thumb Code     0  startup_stm32f10x_hd.o(.text)
    I2C1_EV_IRQHandler                       0x080030db   Thumb Code     0  startup_stm32f10x_hd.o(.text)
    I2C2_ER_IRQHandler                       0x080030db   Thumb Code     0  startup_stm32f10x_hd.o(.text)
    I2C2_EV_IRQHandler                       0x080030db   Thumb Code     0  startup_stm32f10x_hd.o(.text)
    PVD_IRQHandler                           0x080030db   Thumb Code     0  startup_stm32f10x_hd.o(.text)
    RCC_IRQHandler                           0x080030db   Thumb Code     0  startup_stm32f10x_hd.o(.text)
    RTCAlarm_IRQHandler                      0x080030db   Thumb Code     0  startup_stm32f10x_hd.o(.text)
    RTC_IRQHandler                           0x080030db   Thumb Code     0  startup_stm32f10x_hd.o(.text)
    SDIO_IRQHandler                          0x080030db   Thumb Code     0  startup_stm32f10x_hd.o(.text)
    SPI1_IRQHandler                          0x080030db   Thumb Code     0  startup_stm32f10x_hd.o(.text)
    SPI2_IRQHandler                          0x080030db   Thumb Code     0  startup_stm32f10x_hd.o(.text)
    SPI3_IRQHandler                          0x080030db   Thumb Code     0  startup_stm32f10x_hd.o(.text)
    TAMPER_IRQHandler                        0x080030db   Thumb Code     0  startup_stm32f10x_hd.o(.text)
    TIM1_BRK_IRQHandler                      0x080030db   Thumb Code     0  startup_stm32f10x_hd.o(.text)
    TIM1_CC_IRQHandler                       0x080030db   Thumb Code     0  startup_stm32f10x_hd.o(.text)
    TIM1_TRG_COM_IRQHandler                  0x080030db   Thumb Code     0  startup_stm32f10x_hd.o(.text)
    TIM1_UP_IRQHandler                       0x080030db   Thumb Code     0  startup_stm32f10x_hd.o(.text)
    TIM2_IRQHandler                          0x080030db   Thumb Code     0  startup_stm32f10x_hd.o(.text)
    TIM3_IRQHandler                          0x080030db   Thumb Code     0  startup_stm32f10x_hd.o(.text)
    TIM4_IRQHandler                          0x080030db   Thumb Code     0  startup_stm32f10x_hd.o(.text)
    TIM5_IRQHandler                          0x080030db   Thumb Code     0  startup_stm32f10x_hd.o(.text)
    TIM6_IRQHandler                          0x080030db   Thumb Code     0  startup_stm32f10x_hd.o(.text)
    TIM7_IRQHandler                          0x080030db   Thumb Code     0  startup_stm32f10x_hd.o(.text)
    TIM8_BRK_IRQHandler                      0x080030db   Thumb Code     0  startup_stm32f10x_hd.o(.text)
    TIM8_CC_IRQHandler                       0x080030db   Thumb Code     0  startup_stm32f10x_hd.o(.text)
    TIM8_TRG_COM_IRQHandler                  0x080030db   Thumb Code     0  startup_stm32f10x_hd.o(.text)
    TIM8_UP_IRQHandler                       0x080030db   Thumb Code     0  startup_stm32f10x_hd.o(.text)
    UART4_IRQHandler                         0x080030db   Thumb Code     0  startup_stm32f10x_hd.o(.text)
    UART5_IRQHandler                         0x080030db   Thumb Code     0  startup_stm32f10x_hd.o(.text)
    USART2_IRQHandler                        0x080030db   Thumb Code     0  startup_stm32f10x_hd.o(.text)
    USART3_IRQHandler                        0x080030db   Thumb Code     0  startup_stm32f10x_hd.o(.text)
    USBWakeUp_IRQHandler                     0x080030db   Thumb Code     0  startup_stm32f10x_hd.o(.text)
    USB_HP_CAN1_TX_IRQHandler                0x080030db   Thumb Code     0  startup_stm32f10x_hd.o(.text)
    USB_LP_CAN1_RX0_IRQHandler               0x080030db   Thumb Code     0  startup_stm32f10x_hd.o(.text)
    WWDG_IRQHandler                          0x080030db   Thumb Code     0  startup_stm32f10x_hd.o(.text)
    __user_initial_stackheap                 0x080030dd   Thumb Code     0  startup_stm32f10x_hd.o(.text)
    NVIC_PriorityGroupConfig                 0x08003101   Thumb Code    10  misc.o(.text)
    NVIC_Init                                0x0800310b   Thumb Code   118  misc.o(.text)
    NVIC_SetVectorTable                      0x08003181   Thumb Code    12  misc.o(.text)
    NVIC_SystemLPConfig                      0x0800318d   Thumb Code    38  misc.o(.text)
    SysTick_CLKSourceConfig                  0x080031b3   Thumb Code    40  misc.o(.text)
    ADC_DeInit                               0x080031f9   Thumb Code    78  stm32f10x_adc.o(.text)
    ADC_Init                                 0x08003247   Thumb Code    70  stm32f10x_adc.o(.text)
    ADC_StructInit                           0x0800328d   Thumb Code    18  stm32f10x_adc.o(.text)
    ADC_Cmd                                  0x0800329f   Thumb Code    22  stm32f10x_adc.o(.text)
    ADC_DMACmd                               0x080032b5   Thumb Code    22  stm32f10x_adc.o(.text)
    ADC_ITConfig                             0x080032cb   Thumb Code    24  stm32f10x_adc.o(.text)
    ADC_ResetCalibration                     0x080032e3   Thumb Code    10  stm32f10x_adc.o(.text)
    ADC_GetResetCalibrationStatus            0x080032ed   Thumb Code    20  stm32f10x_adc.o(.text)
    ADC_StartCalibration                     0x08003301   Thumb Code    10  stm32f10x_adc.o(.text)
    ADC_GetCalibrationStatus                 0x0800330b   Thumb Code    20  stm32f10x_adc.o(.text)
    ADC_SoftwareStartConvCmd                 0x0800331f   Thumb Code    22  stm32f10x_adc.o(.text)
    ADC_GetSoftwareStartConvStatus           0x08003335   Thumb Code    20  stm32f10x_adc.o(.text)
    ADC_DiscModeChannelCountConfig           0x08003349   Thumb Code    24  stm32f10x_adc.o(.text)
    ADC_DiscModeCmd                          0x08003361   Thumb Code    22  stm32f10x_adc.o(.text)
    ADC_RegularChannelConfig                 0x08003377   Thumb Code   184  stm32f10x_adc.o(.text)
    ADC_ExternalTrigConvCmd                  0x0800342f   Thumb Code    22  stm32f10x_adc.o(.text)
    ADC_GetConversionValue                   0x08003445   Thumb Code     8  stm32f10x_adc.o(.text)
    ADC_GetDualModeConversionValue           0x0800344d   Thumb Code     6  stm32f10x_adc.o(.text)
    ADC_AutoInjectedConvCmd                  0x08003453   Thumb Code    22  stm32f10x_adc.o(.text)
    ADC_InjectedDiscModeCmd                  0x08003469   Thumb Code    22  stm32f10x_adc.o(.text)
    ADC_ExternalTrigInjectedConvConfig       0x0800347f   Thumb Code    16  stm32f10x_adc.o(.text)
    ADC_ExternalTrigInjectedConvCmd          0x0800348f   Thumb Code    22  stm32f10x_adc.o(.text)
    ADC_SoftwareStartInjectedConvCmd         0x080034a5   Thumb Code    22  stm32f10x_adc.o(.text)
    ADC_GetSoftwareStartInjectedConvCmdStatus 0x080034bb   Thumb Code    20  stm32f10x_adc.o(.text)
    ADC_InjectedChannelConfig                0x080034cf   Thumb Code   130  stm32f10x_adc.o(.text)
    ADC_InjectedSequencerLengthConfig        0x08003551   Thumb Code    24  stm32f10x_adc.o(.text)
    ADC_SetInjectedOffset                    0x08003569   Thumb Code    12  stm32f10x_adc.o(.text)
    ADC_GetInjectedConversionValue           0x08003575   Thumb Code    18  stm32f10x_adc.o(.text)
    ADC_AnalogWatchdogCmd                    0x08003587   Thumb Code    16  stm32f10x_adc.o(.text)
    ADC_AnalogWatchdogThresholdsConfig       0x08003597   Thumb Code     6  stm32f10x_adc.o(.text)
    ADC_AnalogWatchdogSingleChannelConfig    0x0800359d   Thumb Code    16  stm32f10x_adc.o(.text)
    ADC_TempSensorVrefintCmd                 0x080035ad   Thumb Code    34  stm32f10x_adc.o(.text)
    ADC_GetFlagStatus                        0x080035cf   Thumb Code    54  stm32f10x_adc.o(.text)
    ADC_ClearFlag                            0x08003605   Thumb Code     6  stm32f10x_adc.o(.text)
    ADC_GetITStatus                          0x0800360b   Thumb Code    36  stm32f10x_adc.o(.text)
    ADC_ClearITPendingBit                    0x0800362f   Thumb Code    10  stm32f10x_adc.o(.text)
    FSMC_NORSRAMDeInit                       0x08003639   Thumb Code    56  stm32f10x_fsmc.o(.text)
    FSMC_NANDDeInit                          0x08003671   Thumb Code    62  stm32f10x_fsmc.o(.text)
    FSMC_PCCARDDeInit                        0x080036af   Thumb Code    40  stm32f10x_fsmc.o(.text)
    FSMC_NORSRAMInit                         0x080036d7   Thumb Code   224  stm32f10x_fsmc.o(.text)
    FSMC_NANDInit                            0x080037b7   Thumb Code   130  stm32f10x_fsmc.o(.text)
    FSMC_PCCARDInit                          0x08003839   Thumb Code   124  stm32f10x_fsmc.o(.text)
    FSMC_NORSRAMStructInit                   0x080038b5   Thumb Code   114  stm32f10x_fsmc.o(.text)
    FSMC_NANDStructInit                      0x08003927   Thumb Code    54  stm32f10x_fsmc.o(.text)
    FSMC_PCCARDStructInit                    0x0800395d   Thumb Code    60  stm32f10x_fsmc.o(.text)
    FSMC_NORSRAMCmd                          0x08003999   Thumb Code    46  stm32f10x_fsmc.o(.text)
    FSMC_NANDCmd                             0x080039c7   Thumb Code    86  stm32f10x_fsmc.o(.text)
    FSMC_PCCARDCmd                           0x08003a1d   Thumb Code    40  stm32f10x_fsmc.o(.text)
    FSMC_NANDECCCmd                          0x08003a45   Thumb Code   118  stm32f10x_fsmc.o(.text)
    FSMC_GetECC                              0x08003abb   Thumb Code    22  stm32f10x_fsmc.o(.text)
    FSMC_ITConfig                            0x08003ad1   Thumb Code   128  stm32f10x_fsmc.o(.text)
    FSMC_GetFlagStatus                       0x08003b51   Thumb Code    48  stm32f10x_fsmc.o(.text)
    FSMC_ClearFlag                           0x08003b81   Thumb Code    62  stm32f10x_fsmc.o(.text)
    FSMC_GetITStatus                         0x08003bbf   Thumb Code    60  stm32f10x_fsmc.o(.text)
    FSMC_ClearITPendingBit                   0x08003bfb   Thumb Code    64  stm32f10x_fsmc.o(.text)
    GPIO_DeInit                              0x08003c51   Thumb Code   172  stm32f10x_gpio.o(.text)
    GPIO_AFIODeInit                          0x08003cfd   Thumb Code    20  stm32f10x_gpio.o(.text)
    GPIO_Init                                0x08003d11   Thumb Code   274  stm32f10x_gpio.o(.text)
    GPIO_StructInit                          0x08003e23   Thumb Code    16  stm32f10x_gpio.o(.text)
    GPIO_ReadInputDataBit                    0x08003e33   Thumb Code    18  stm32f10x_gpio.o(.text)
    GPIO_ReadInputData                       0x08003e45   Thumb Code     8  stm32f10x_gpio.o(.text)
    GPIO_ReadOutputDataBit                   0x08003e4d   Thumb Code    18  stm32f10x_gpio.o(.text)
    GPIO_ReadOutputData                      0x08003e5f   Thumb Code     8  stm32f10x_gpio.o(.text)
    GPIO_SetBits                             0x08003e67   Thumb Code     4  stm32f10x_gpio.o(.text)
    GPIO_ResetBits                           0x08003e6b   Thumb Code     4  stm32f10x_gpio.o(.text)
    GPIO_WriteBit                            0x08003e6f   Thumb Code    10  stm32f10x_gpio.o(.text)
    GPIO_Write                               0x08003e79   Thumb Code     4  stm32f10x_gpio.o(.text)
    GPIO_PinLockConfig                       0x08003e7d   Thumb Code    18  stm32f10x_gpio.o(.text)
    GPIO_EventOutputConfig                   0x08003e8f   Thumb Code    26  stm32f10x_gpio.o(.text)
    GPIO_EventOutputCmd                      0x08003ea9   Thumb Code     6  stm32f10x_gpio.o(.text)
    GPIO_PinRemapConfig                      0x08003eaf   Thumb Code   138  stm32f10x_gpio.o(.text)
    GPIO_EXTILineConfig                      0x08003f39   Thumb Code    66  stm32f10x_gpio.o(.text)
    GPIO_ETH_MediaInterfaceConfig            0x08003f7b   Thumb Code     6  stm32f10x_gpio.o(.text)
    RCC_DeInit                               0x08003fa9   Thumb Code    64  stm32f10x_rcc.o(.text)
    RCC_HSEConfig                            0x08003fe9   Thumb Code    70  stm32f10x_rcc.o(.text)
    RCC_GetFlagStatus                        0x0800402f   Thumb Code    56  stm32f10x_rcc.o(.text)
    RCC_WaitForHSEStartUp                    0x08004067   Thumb Code    48  stm32f10x_rcc.o(.text)
    RCC_AdjustHSICalibrationValue            0x08004097   Thumb Code    20  stm32f10x_rcc.o(.text)
    RCC_HSICmd                               0x080040ab   Thumb Code     6  stm32f10x_rcc.o(.text)
    RCC_PLLConfig                            0x080040b1   Thumb Code    24  stm32f10x_rcc.o(.text)
    RCC_PLLCmd                               0x080040c9   Thumb Code     6  stm32f10x_rcc.o(.text)
    RCC_SYSCLKConfig                         0x080040cf   Thumb Code    18  stm32f10x_rcc.o(.text)
    RCC_GetSYSCLKSource                      0x080040e1   Thumb Code    10  stm32f10x_rcc.o(.text)
    RCC_HCLKConfig                           0x080040eb   Thumb Code    18  stm32f10x_rcc.o(.text)
    RCC_PCLK1Config                          0x080040fd   Thumb Code    18  stm32f10x_rcc.o(.text)
    RCC_PCLK2Config                          0x0800410f   Thumb Code    20  stm32f10x_rcc.o(.text)
    RCC_ITConfig                             0x08004123   Thumb Code    30  stm32f10x_rcc.o(.text)
    RCC_USBCLKConfig                         0x08004141   Thumb Code     6  stm32f10x_rcc.o(.text)
    RCC_ADCCLKConfig                         0x08004147   Thumb Code    18  stm32f10x_rcc.o(.text)
    RCC_LSEConfig                            0x08004159   Thumb Code    44  stm32f10x_rcc.o(.text)
    RCC_LSICmd                               0x08004185   Thumb Code     6  stm32f10x_rcc.o(.text)
    RCC_RTCCLKConfig                         0x0800418b   Thumb Code    12  stm32f10x_rcc.o(.text)
    RCC_RTCCLKCmd                            0x08004197   Thumb Code     6  stm32f10x_rcc.o(.text)
    RCC_GetClocksFreq                        0x0800419d   Thumb Code   192  stm32f10x_rcc.o(.text)
    RCC_AHBPeriphClockCmd                    0x0800425d   Thumb Code    26  stm32f10x_rcc.o(.text)
    RCC_APB2PeriphClockCmd                   0x08004277   Thumb Code    26  stm32f10x_rcc.o(.text)
    RCC_APB1PeriphClockCmd                   0x08004291   Thumb Code    26  stm32f10x_rcc.o(.text)
    RCC_APB2PeriphResetCmd                   0x080042ab   Thumb Code    26  stm32f10x_rcc.o(.text)
    RCC_APB1PeriphResetCmd                   0x080042c5   Thumb Code    26  stm32f10x_rcc.o(.text)
    RCC_BackupResetCmd                       0x080042df   Thumb Code     6  stm32f10x_rcc.o(.text)
    RCC_ClockSecuritySystemCmd               0x080042e5   Thumb Code     6  stm32f10x_rcc.o(.text)
    RCC_MCOConfig                            0x080042eb   Thumb Code     6  stm32f10x_rcc.o(.text)
    RCC_ClearFlag                            0x080042f1   Thumb Code    14  stm32f10x_rcc.o(.text)
    RCC_GetITStatus                          0x080042ff   Thumb Code    20  stm32f10x_rcc.o(.text)
    RCC_ClearITPendingBit                    0x08004313   Thumb Code     6  stm32f10x_rcc.o(.text)
    USART_DeInit                             0x0800434d   Thumb Code   134  stm32f10x_usart.o(.text)
    USART_Init                               0x080043d3   Thumb Code   210  stm32f10x_usart.o(.text)
    USART_StructInit                         0x080044a5   Thumb Code    24  stm32f10x_usart.o(.text)
    USART_ClockInit                          0x080044bd   Thumb Code    34  stm32f10x_usart.o(.text)
    USART_ClockStructInit                    0x080044df   Thumb Code    12  stm32f10x_usart.o(.text)
    USART_Cmd                                0x080044eb   Thumb Code    24  stm32f10x_usart.o(.text)
    USART_ITConfig                           0x08004503   Thumb Code    74  stm32f10x_usart.o(.text)
    USART_DMACmd                             0x0800454d   Thumb Code    24  stm32f10x_usart.o(.text)
    USART_SetAddress                         0x08004565   Thumb Code    18  stm32f10x_usart.o(.text)
    USART_WakeUpConfig                       0x08004577   Thumb Code    18  stm32f10x_usart.o(.text)
    USART_ReceiverWakeUpCmd                  0x08004589   Thumb Code    24  stm32f10x_usart.o(.text)
    USART_LINBreakDetectLengthConfig         0x080045a1   Thumb Code    18  stm32f10x_usart.o(.text)
    USART_LINCmd                             0x080045b3   Thumb Code    24  stm32f10x_usart.o(.text)
    USART_SendData                           0x080045cb   Thumb Code     8  stm32f10x_usart.o(.text)
    USART_ReceiveData                        0x080045d3   Thumb Code    10  stm32f10x_usart.o(.text)
    USART_SendBreak                          0x080045dd   Thumb Code    10  stm32f10x_usart.o(.text)
    USART_SetGuardTime                       0x080045e7   Thumb Code    16  stm32f10x_usart.o(.text)
    USART_SetPrescaler                       0x080045f7   Thumb Code    16  stm32f10x_usart.o(.text)
    USART_SmartCardCmd                       0x08004607   Thumb Code    24  stm32f10x_usart.o(.text)
    USART_SmartCardNACKCmd                   0x0800461f   Thumb Code    24  stm32f10x_usart.o(.text)
    USART_HalfDuplexCmd                      0x08004637   Thumb Code    24  stm32f10x_usart.o(.text)
    USART_OverSampling8Cmd                   0x0800464f   Thumb Code    22  stm32f10x_usart.o(.text)
    USART_OneBitMethodCmd                    0x08004665   Thumb Code    24  stm32f10x_usart.o(.text)
    USART_IrDAConfig                         0x0800467d   Thumb Code    18  stm32f10x_usart.o(.text)
    USART_IrDACmd                            0x0800468f   Thumb Code    24  stm32f10x_usart.o(.text)
    USART_GetFlagStatus                      0x080046a7   Thumb Code    26  stm32f10x_usart.o(.text)
    USART_ClearFlag                          0x080046c1   Thumb Code    18  stm32f10x_usart.o(.text)
    USART_GetITStatus                        0x080046d3   Thumb Code    84  stm32f10x_usart.o(.text)
    USART_ClearITPendingBit                  0x08004727   Thumb Code    50  stm32f10x_usart.o(.text)
    cr4_fft_256_stm32                        0x08004759   Thumb Code     0  cr4_fft_256_stm32.o(.text)
    __use_no_semihosting                     0x08004d37   Thumb Code     2  use_no_semi_2.o(.text)
    __2printf                                0x08004d39   Thumb Code    20  noretval__2printf.o(.text)
    __printf                                 0x08004d51   Thumb Code   106  __printf.o(.text)
    _printf_int_hex                          0x08004dbd   Thumb Code    88  _printf_hex_int.o(.text)
    _printf_longlong_hex                     0x08004dbd   Thumb Code     0  _printf_hex_int.o(.text)
    __use_two_region_memory                  0x08004e19   Thumb Code     2  heapauxi.o(.text)
    __rt_heap_escrow$2region                 0x08004e1b   Thumb Code     2  heapauxi.o(.text)
    __rt_heap_expand$2region                 0x08004e1d   Thumb Code     2  heapauxi.o(.text)
    __I$use$semihosting                      0x08004e1f   Thumb Code     0  use_no_semi.o(.text)
    __use_no_semihosting_swi                 0x08004e1f   Thumb Code     2  use_no_semi.o(.text)
    __read_errno                             0x08004e21   Thumb Code    10  _rserrno.o(.text)
    __set_errno                              0x08004e2b   Thumb Code    12  _rserrno.o(.text)
    _printf_int_common                       0x08004e37   Thumb Code   180  _printf_intcommon.o(.text)
    _printf_char_file                        0x08004eed   Thumb Code    32  _printf_char_file.o(.text)
    __aeabi_errno_addr                       0x08004f11   Thumb Code    12  rt_errno_addr_intlibspace.o(.text)
    __errno$intlibspace                      0x08004f11   Thumb Code     0  rt_errno_addr_intlibspace.o(.text)
    __rt_errno_addr$intlibspace              0x08004f11   Thumb Code     0  rt_errno_addr_intlibspace.o(.text)
    _printf_char_common                      0x08004f27   Thumb Code    32  _printf_char_common.o(.text)
    ferror                                   0x08004f4d   Thumb Code     8  ferror.o(.text)
    __user_libspace                          0x08004f55   Thumb Code     8  libspace.o(.text)
    __user_perproc_libspace                  0x08004f55   Thumb Code     0  libspace.o(.text)
    __user_perthread_libspace                0x08004f55   Thumb Code     0  libspace.o(.text)
    __user_setup_stackheap                   0x08004f5d   Thumb Code    74  sys_stackheap_outer.o(.text)
    exit                                     0x08004fa7   Thumb Code    12  exit.o(.text)
    __rt_fp_status_addr                      0x08004fb5   Thumb Code    12  rt_fp_status_addr_intlibspace.o(.text)
    __ARM_fpclassify                         0x08004fc1   Thumb Code    40  fpclassify.o(i.__ARM_fpclassify)
    __ieee754_rem_pio2                       0x08004fe9   Thumb Code   832  rred.o(i.__ieee754_rem_pio2)
    __kernel_cos                             0x08005371   Thumb Code   230  cos_i.o(i.__kernel_cos)
    __kernel_poly                            0x0800546d   Thumb Code   170  poly.o(i.__kernel_poly)
    __kernel_sin                             0x08005519   Thumb Code   226  sin_i.o(i.__kernel_sin)
    __mathlib_dbl_underflow                  0x08005609   Thumb Code    10  dunder.o(i.__mathlib_dbl_underflow)
    atan                                     0x08005619   Thumb Code   480  atan.o(i.atan)
    atan2                                    0x0800583d   Thumb Code   346  atan2.o(i.atan2)
    sin                                      0x080059bd   Thumb Code   166  sin.o(i.sin)
    sqrt                                     0x08005a6d   Thumb Code    74  sqrt.o(i.sqrt)
    __aeabi_d2f                              0x08005ab9   Thumb Code     0  d2f.o(x$fpl$d2f)
    _d2f                                     0x08005ab9   Thumb Code    98  d2f.o(x$fpl$d2f)
    __aeabi_dadd                             0x08005b1d   Thumb Code     0  daddsub_clz.o(x$fpl$dadd)
    _dadd                                    0x08005b1d   Thumb Code   328  daddsub_clz.o(x$fpl$dadd)
    __fpl_dcheck_NaN1                        0x08005c69   Thumb Code    10  dcheck1.o(x$fpl$dcheck1)
    __fpl_dcmp_Inf                           0x08005c79   Thumb Code    24  dcmpi.o(x$fpl$dcmpinf)
    __aeabi_ddiv                             0x08005c91   Thumb Code     0  ddiv.o(x$fpl$ddiv)
    _ddiv                                    0x08005c91   Thumb Code   552  ddiv.o(x$fpl$ddiv)
    __aeabi_d2iz                             0x08005f41   Thumb Code     0  dfix.o(x$fpl$dfix)
    _dfix                                    0x08005f41   Thumb Code    94  dfix.o(x$fpl$dfix)
    __aeabi_d2uiz                            0x08005fa1   Thumb Code     0  dfixu.o(x$fpl$dfixu)
    _dfixu                                   0x08005fa1   Thumb Code    90  dfixu.o(x$fpl$dfixu)
    __aeabi_i2d                              0x08005ffb   Thumb Code     0  dflt_clz.o(x$fpl$dflt)
    _dflt                                    0x08005ffb   Thumb Code    46  dflt_clz.o(x$fpl$dflt)
    __aeabi_ui2d                             0x08006029   Thumb Code     0  dflt_clz.o(x$fpl$dfltu)
    _dfltu                                   0x08006029   Thumb Code    38  dflt_clz.o(x$fpl$dfltu)
    __aeabi_cdcmple                          0x08006051   Thumb Code     0  dleqf.o(x$fpl$dleqf)
    _dcmple                                  0x08006051   Thumb Code   120  dleqf.o(x$fpl$dleqf)
    __fpl_dcmple_InfNaN                      0x080060b3   Thumb Code     0  dleqf.o(x$fpl$dleqf)
    __aeabi_dmul                             0x080060c9   Thumb Code     0  dmul.o(x$fpl$dmul)
    _dmul                                    0x080060c9   Thumb Code   332  dmul.o(x$fpl$dmul)
    __fpl_dnaninf                            0x0800621d   Thumb Code   156  dnaninf.o(x$fpl$dnaninf)
    __fpl_dretinf                            0x080062b9   Thumb Code    12  dretinf.o(x$fpl$dretinf)
    __aeabi_cdrcmple                         0x080062c5   Thumb Code     0  drleqf.o(x$fpl$drleqf)
    _drcmple                                 0x080062c5   Thumb Code   108  drleqf.o(x$fpl$drleqf)
    __aeabi_drsub                            0x08006331   Thumb Code     0  daddsub_clz.o(x$fpl$drsb)
    _drsb                                    0x08006331   Thumb Code    22  daddsub_clz.o(x$fpl$drsb)
    _dsqrt                                   0x08006349   Thumb Code   456  dsqrt_noumaal.o(x$fpl$dsqrt)
    __aeabi_dsub                             0x08006515   Thumb Code     0  daddsub_clz.o(x$fpl$dsub)
    _dsub                                    0x08006515   Thumb Code   464  daddsub_clz.o(x$fpl$dsub)
    __aeabi_f2d                              0x080066e9   Thumb Code     0  f2d.o(x$fpl$f2d)
    _f2d                                     0x080066e9   Thumb Code    86  f2d.o(x$fpl$f2d)
    __aeabi_fadd                             0x08006741   Thumb Code     0  faddsub_clz.o(x$fpl$fadd)
    _fadd                                    0x08006741   Thumb Code   196  faddsub_clz.o(x$fpl$fadd)
    __aeabi_fdiv                             0x08006805   Thumb Code     0  fdiv.o(x$fpl$fdiv)
    _fdiv                                    0x08006805   Thumb Code   384  fdiv.o(x$fpl$fdiv)
    __aeabi_f2iz                             0x08006989   Thumb Code     0  ffix.o(x$fpl$ffix)
    _ffix                                    0x08006989   Thumb Code    54  ffix.o(x$fpl$ffix)
    __aeabi_f2uiz                            0x080069c1   Thumb Code     0  ffixu.o(x$fpl$ffixu)
    _ffixu                                   0x080069c1   Thumb Code    62  ffixu.o(x$fpl$ffixu)
    __aeabi_i2f                              0x08006a01   Thumb Code     0  fflt_clz.o(x$fpl$fflt)
    _fflt                                    0x08006a01   Thumb Code    48  fflt_clz.o(x$fpl$fflt)
    __aeabi_fmul                             0x08006a31   Thumb Code     0  fmul.o(x$fpl$fmul)
    _fmul                                    0x08006a31   Thumb Code   258  fmul.o(x$fpl$fmul)
    __fpl_fnaninf                            0x08006b33   Thumb Code   140  fnaninf.o(x$fpl$fnaninf)
    _fp_init                                 0x08006bbf   Thumb Code    14  fpinit.o(x$fpl$fpinit)
    __fplib_config_pureend_doubles           0x08006bcb   Thumb Code     0  fpinit.o(x$fpl$fpinit)
    __fpl_fretinf                            0x08006bcd   Thumb Code    10  fretinf.o(x$fpl$fretinf)
    __aeabi_fsub                             0x08006bd9   Thumb Code     0  faddsub_clz.o(x$fpl$fsub)
    _fsub                                    0x08006bd9   Thumb Code   234  faddsub_clz.o(x$fpl$fsub)
    __fpl_return_NaN                         0x08006cc3   Thumb Code   100  retnan.o(x$fpl$retnan)
    __ARM_scalbn                             0x08006d27   Thumb Code     0  scalbn.o(x$fpl$scalbn)
    scalbn                                   0x08006d27   Thumb Code    96  scalbn.o(x$fpl$scalbn)
    __fpl_inf_scalbn                         0x08006d85   Thumb Code     0  scalbn.o(x$fpl$scalbn)
    __fpl_cmpreturn                          0x08006d87   Thumb Code    48  trapv.o(x$fpl$trapveneer)
    __I$use$fp                               0x08006db7   Thumb Code     0  usenofp.o(x$fpl$usenofp)
    asc2_1206                                0x08006db6   Data        1140  lcd.o(.constdata)
    asc2_1608                                0x0800722a   Data        1520  lcd.o(.constdata)
    __mathlib_zero                           0x08007910   Data           8  qnan.o(.constdata)
    Region$$Table$$Base                      0x08007a08   Number         0  anon$$obj.o(Region$$Table)
    Region$$Table$$Limit                     0x08007a28   Number         0  anon$$obj.o(Region$$Table)
    SystemCoreClock                          0x20000000   Data           4  system_stm32f10x.o(.data)
    AHBPrescTable                            0x20000004   Data          16  system_stm32f10x.o(.data)
    POINT_COLOR                              0x20000014   Data           2  lcd.o(.data)
    BACK_COLOR                               0x20000016   Data           2  lcd.o(.data)
    USART_RX_STA                             0x2000001c   Data           2  usart.o(.data)
    __stdout                                 0x20000020   Data           4  usart.o(.data)
    lBUFIN_V                                 0x20000038   Data        2048  main.o(.bss)
    lBUFOUT_V                                0x20000838   Data        1024  main.o(.bss)
    lBUFIN_I                                 0x20000c38   Data        2048  main.o(.bss)
    lBUFOUT_I                                0x20001438   Data        1024  main.o(.bss)
    lBUFMAG_V                                0x20001838   Data        3072  main.o(.bss)
    lBUFMAG_I                                0x20002438   Data        3072  main.o(.bss)
    angle                                    0x20003038   Data          56  main.o(.bss)
    lcddev                                   0x20003070   Data          10  lcd.o(.bss)
    USART_RX_BUF                             0x2000307a   Data         200  usart.o(.bss)
    __libspace_start                         0x20003144   Data          96  libspace.o(.bss)
    __temporary_stack_top$libspace           0x200031a4   Data           0  libspace.o(.bss)



==============================================================================

Memory Map of the image

  Image Entry point : 0x08000131

  Load Region LR_IROM1 (Base: 0x08000000, Size: 0x00007a60, Max: 0x00020000, ABSOLUTE)

    Execution Region ER_IROM1 (Base: 0x08000000, Size: 0x00007a28, Max: 0x00020000, ABSOLUTE)

    Base Addr    Size         Type   Attr      Idx    E Section Name        Object

    0x08000000   0x00000130   Data   RO          313    RESET               startup_stm32f10x_hd.o
    0x08000130   0x00000008   Code   RO          493  * !!!main             c_w.l(__main.o)(c_w.l)
    0x08000138   0x00000034   Code   RO          815    !!!scatter          c_w.l(__scatter.o)(c_w.l)
    0x0800016c   0x0000001a   Code   RO          817    !!handler_copy      c_w.l(__scatter_copy.o)(c_w.l)
    0x08000186   0x00000002   PAD
    0x08000188   0x0000001c   Code   RO          819    !!handler_zi        c_w.l(__scatter_zi.o)(c_w.l)
    0x080001a4   0x00000000   Code   RO          490    .ARM.Collect$$_printf_percent$$00000000  c_w.l(_printf_percent.o)(c_w.l)
    0x080001a4   0x00000006   Code   RO          489    .ARM.Collect$$_printf_percent$$0000000C  c_w.l(_printf_x.o)(c_w.l)
    0x080001aa   0x00000004   Code   RO          585    .ARM.Collect$$_printf_percent$$00000017  c_w.l(_printf_percent_end.o)(c_w.l)
    0x080001ae   0x00000006   Code   RO          688    .ARM.Collect$$libinit$$00000000  c_w.l(libinit.o)(c_w.l)
    0x080001b4   0x00000000   Code   RO          695    .ARM.Collect$$libinit$$00000006  c_w.l(libinit2.o)(c_w.l)
    0x080001b4   0x00000000   Code   RO          697    .ARM.Collect$$libinit$$00000008  c_w.l(libinit2.o)(c_w.l)
    0x080001b4   0x00000000   Code   RO          699    .ARM.Collect$$libinit$$0000000A  c_w.l(libinit2.o)(c_w.l)
    0x080001b4   0x00000000   Code   RO          702    .ARM.Collect$$libinit$$0000000D  c_w.l(libinit2.o)(c_w.l)
    0x080001b4   0x00000000   Code   RO          704    .ARM.Collect$$libinit$$0000000F  c_w.l(libinit2.o)(c_w.l)
    0x080001b4   0x00000000   Code   RO          706    .ARM.Collect$$libinit$$00000011  c_w.l(libinit2.o)(c_w.l)
    0x080001b4   0x00000000   Code   RO          708    .ARM.Collect$$libinit$$00000013  c_w.l(libinit2.o)(c_w.l)
    0x080001b4   0x00000000   Code   RO          710    .ARM.Collect$$libinit$$00000015  c_w.l(libinit2.o)(c_w.l)
    0x080001b4   0x00000000   Code   RO          712    .ARM.Collect$$libinit$$00000017  c_w.l(libinit2.o)(c_w.l)
    0x080001b4   0x00000000   Code   RO          714    .ARM.Collect$$libinit$$00000019  c_w.l(libinit2.o)(c_w.l)
    0x080001b4   0x00000000   Code   RO          716    .ARM.Collect$$libinit$$0000001B  c_w.l(libinit2.o)(c_w.l)
    0x080001b4   0x00000000   Code   RO          718    .ARM.Collect$$libinit$$0000001D  c_w.l(libinit2.o)(c_w.l)
    0x080001b4   0x00000000   Code   RO          720    .ARM.Collect$$libinit$$0000001F  c_w.l(libinit2.o)(c_w.l)
    0x080001b4   0x00000000   Code   RO          722    .ARM.Collect$$libinit$$00000021  c_w.l(libinit2.o)(c_w.l)
    0x080001b4   0x00000000   Code   RO          726    .ARM.Collect$$libinit$$00000028  c_w.l(libinit2.o)(c_w.l)
    0x080001b4   0x00000000   Code   RO          728    .ARM.Collect$$libinit$$0000002A  c_w.l(libinit2.o)(c_w.l)
    0x080001b4   0x00000000   Code   RO          730    .ARM.Collect$$libinit$$0000002C  c_w.l(libinit2.o)(c_w.l)
    0x080001b4   0x00000000   Code   RO          732    .ARM.Collect$$libinit$$0000002E  c_w.l(libinit2.o)(c_w.l)
    0x080001b4   0x00000002   Code   RO          733    .ARM.Collect$$libinit$$0000002F  c_w.l(libinit2.o)(c_w.l)
    0x080001b6   0x00000002   Code   RO          759    .ARM.Collect$$libshutdown$$00000000  c_w.l(libshutdown.o)(c_w.l)
    0x080001b8   0x00000000   Code   RO          770    .ARM.Collect$$libshutdown$$00000003  c_w.l(libshutdown2.o)(c_w.l)
    0x080001b8   0x00000000   Code   RO          773    .ARM.Collect$$libshutdown$$00000006  c_w.l(libshutdown2.o)(c_w.l)
    0x080001b8   0x00000000   Code   RO          776    .ARM.Collect$$libshutdown$$00000009  c_w.l(libshutdown2.o)(c_w.l)
    0x080001b8   0x00000000   Code   RO          778    .ARM.Collect$$libshutdown$$0000000B  c_w.l(libshutdown2.o)(c_w.l)
    0x080001b8   0x00000000   Code   RO          781    .ARM.Collect$$libshutdown$$0000000E  c_w.l(libshutdown2.o)(c_w.l)
    0x080001b8   0x00000002   Code   RO          782    .ARM.Collect$$libshutdown$$0000000F  c_w.l(libshutdown2.o)(c_w.l)
    0x080001ba   0x00000000   Code   RO          577    .ARM.Collect$$rtentry$$00000000  c_w.l(rtentry.o)(c_w.l)
    0x080001ba   0x00000000   Code   RO          633    .ARM.Collect$$rtentry$$00000002  c_w.l(rtentry2.o)(c_w.l)
    0x080001ba   0x00000006   Code   RO          648    .ARM.Collect$$rtentry$$00000004  c_w.l(rtentry4.o)(c_w.l)
    0x080001c0   0x00000000   Code   RO          635    .ARM.Collect$$rtentry$$00000009  c_w.l(rtentry2.o)(c_w.l)
    0x080001c0   0x00000004   Code   RO          636    .ARM.Collect$$rtentry$$0000000A  c_w.l(rtentry2.o)(c_w.l)
    0x080001c4   0x00000000   Code   RO          638    .ARM.Collect$$rtentry$$0000000C  c_w.l(rtentry2.o)(c_w.l)
    0x080001c4   0x00000008   Code   RO          639    .ARM.Collect$$rtentry$$0000000D  c_w.l(rtentry2.o)(c_w.l)
    0x080001cc   0x00000002   Code   RO          691    .ARM.Collect$$rtexit$$00000000  c_w.l(rtexit.o)(c_w.l)
    0x080001ce   0x00000000   Code   RO          739    .ARM.Collect$$rtexit$$00000002  c_w.l(rtexit2.o)(c_w.l)
    0x080001ce   0x00000004   Code   RO          740    .ARM.Collect$$rtexit$$00000003  c_w.l(rtexit2.o)(c_w.l)
    0x080001d2   0x00000006   Code   RO          741    .ARM.Collect$$rtexit$$00000004  c_w.l(rtexit2.o)(c_w.l)
    0x080001d8   0x000005fc   Code   RO            1    .text               main.o
    0x080007d4   0x0000001a   Code   RO           90    .text               stm32f10x_it.o
    0x080007ee   0x00000002   PAD
    0x080007f0   0x000001c8   Code   RO          137    .text               system_stm32f10x.o
    0x080009b8   0x0000004c   Code   RO          155    .text               led.o
    0x08000a04   0x000023c0   Code   RO          212    .text               lcd.o
    0x08002dc4   0x000000e4   Code   RO          239    .text               adc.o
    0x08002ea8   0x000000c4   Code   RO          251    .text               delay.o
    0x08002f6c   0x0000000c   Code   RO          265    .text               sys.o
    0x08002f78   0x00000148   Code   RO          277    .text               usart.o
    0x080030c0   0x00000040   Code   RO          314    .text               startup_stm32f10x_hd.o
    0x08003100   0x000000f8   Code   RO          318    .text               misc.o
    0x080031f8   0x00000440   Code   RO          330    .text               stm32f10x_adc.o
    0x08003638   0x00000618   Code   RO          342    .text               stm32f10x_fsmc.o
    0x08003c50   0x00000358   Code   RO          354    .text               stm32f10x_gpio.o
    0x08003fa8   0x000003a4   Code   RO          366    .text               stm32f10x_rcc.o
    0x0800434c   0x0000040c   Code   RO          380    .text               stm32f10x_usart.o
    0x08004758   0x000005de   Code   RO          425    .text               cr4_fft_256_stm32.o
    0x08004d36   0x00000002   Code   RO          442    .text               c_w.l(use_no_semi_2.o)(c_w.l)
    0x08004d38   0x00000018   Code   RO          446    .text               c_w.l(noretval__2printf.o)(c_w.l)
    0x08004d50   0x0000006a   Code   RO          448    .text               c_w.l(__printf.o)(c_w.l)
    0x08004dba   0x00000002   PAD
    0x08004dbc   0x0000005c   Code   RO          453    .text               c_w.l(_printf_hex_int.o)(c_w.l)
    0x08004e18   0x00000006   Code   RO          491    .text               c_w.l(heapauxi.o)(c_w.l)
    0x08004e1e   0x00000002   Code   RO          575    .text               c_w.l(use_no_semi.o)(c_w.l)
    0x08004e20   0x00000016   Code   RO          579    .text               c_w.l(_rserrno.o)(c_w.l)
    0x08004e36   0x000000b4   Code   RO          581    .text               c_w.l(_printf_intcommon.o)(c_w.l)
    0x08004eea   0x00000002   PAD
    0x08004eec   0x00000024   Code   RO          583    .text               c_w.l(_printf_char_file.o)(c_w.l)
    0x08004f10   0x0000000c   Code   RO          653    .text               c_w.l(rt_errno_addr_intlibspace.o)(c_w.l)
    0x08004f1c   0x00000030   Code   RO          655    .text               c_w.l(_printf_char_common.o)(c_w.l)
    0x08004f4c   0x00000008   Code   RO          657    .text               c_w.l(ferror.o)(c_w.l)
    0x08004f54   0x00000008   Code   RO          673    .text               c_w.l(libspace.o)(c_w.l)
    0x08004f5c   0x0000004a   Code   RO          676    .text               c_w.l(sys_stackheap_outer.o)(c_w.l)
    0x08004fa6   0x0000000c   Code   RO          680    .text               c_w.l(exit.o)(c_w.l)
    0x08004fb2   0x00000002   PAD
    0x08004fb4   0x0000000c   Code   RO          749    .text               c_w.l(rt_fp_status_addr_intlibspace.o)(c_w.l)
    0x08004fc0   0x00000028   Code   RO          669    i.__ARM_fpclassify  m_ws.l(fpclassify.o)(m_ws.l)
    0x08004fe8   0x00000388   Code   RO          621    i.__ieee754_rem_pio2  m_ws.l(rred.o)(m_ws.l)
    0x08005370   0x000000fc   Code   RO          617    i.__kernel_cos      m_ws.l(cos_i.o)(m_ws.l)
    0x0800546c   0x000000aa   Code   RO          671    i.__kernel_poly     m_ws.l(poly.o)(m_ws.l)
    0x08005516   0x00000002   PAD
    0x08005518   0x000000f0   Code   RO          626    i.__kernel_sin      m_ws.l(sin_i.o)(m_ws.l)
    0x08005608   0x00000010   Code   RO          667    i.__mathlib_dbl_underflow  m_ws.l(dunder.o)(m_ws.l)
    0x08005618   0x00000224   Code   RO          608    i.atan              m_ws.l(atan.o)(m_ws.l)
    0x0800583c   0x00000180   Code   RO          552    i.atan2             m_ws.l(atan2.o)(m_ws.l)
    0x080059bc   0x000000b0   Code   RO          560    i.sin               m_ws.l(sin.o)(m_ws.l)
    0x08005a6c   0x0000004a   Code   RO          568    i.sqrt              m_ws.l(sqrt.o)(m_ws.l)
    0x08005ab6   0x00000002   PAD
    0x08005ab8   0x00000062   Code   RO          495    x$fpl$d2f           fz_ws.l(d2f.o)(fz_ws.l)
    0x08005b1a   0x00000002   PAD
    0x08005b1c   0x0000014c   Code   RO          497    x$fpl$dadd          fz_ws.l(daddsub_clz.o)(fz_ws.l)
    0x08005c68   0x00000010   Code   RO          661    x$fpl$dcheck1       fz_ws.l(dcheck1.o)(fz_ws.l)
    0x08005c78   0x00000018   Code   RO          586    x$fpl$dcmpinf       fz_ws.l(dcmpi.o)(fz_ws.l)
    0x08005c90   0x000002b0   Code   RO          504    x$fpl$ddiv          fz_ws.l(ddiv.o)(fz_ws.l)
    0x08005f40   0x0000005e   Code   RO          663    x$fpl$dfix          fz_ws.l(dfix.o)(fz_ws.l)
    0x08005f9e   0x00000002   PAD
    0x08005fa0   0x0000005a   Code   RO          507    x$fpl$dfixu         fz_ws.l(dfixu.o)(fz_ws.l)
    0x08005ffa   0x0000002e   Code   RO          512    x$fpl$dflt          fz_ws.l(dflt_clz.o)(fz_ws.l)
    0x08006028   0x00000026   Code   RO          511    x$fpl$dfltu         fz_ws.l(dflt_clz.o)(fz_ws.l)
    0x0800604e   0x00000002   PAD
    0x08006050   0x00000078   Code   RO          517    x$fpl$dleqf         fz_ws.l(dleqf.o)(fz_ws.l)
    0x080060c8   0x00000154   Code   RO          519    x$fpl$dmul          fz_ws.l(dmul.o)(fz_ws.l)
    0x0800621c   0x0000009c   Code   RO          588    x$fpl$dnaninf       fz_ws.l(dnaninf.o)(fz_ws.l)
    0x080062b8   0x0000000c   Code   RO          590    x$fpl$dretinf       fz_ws.l(dretinf.o)(fz_ws.l)
    0x080062c4   0x0000006c   Code   RO          521    x$fpl$drleqf        fz_ws.l(drleqf.o)(fz_ws.l)
    0x08006330   0x00000016   Code   RO          498    x$fpl$drsb          fz_ws.l(daddsub_clz.o)(fz_ws.l)
    0x08006346   0x00000002   PAD
    0x08006348   0x000001cc   Code   RO          592    x$fpl$dsqrt         fz_ws.l(dsqrt_noumaal.o)(fz_ws.l)
    0x08006514   0x000001d4   Code   RO          499    x$fpl$dsub          fz_ws.l(daddsub_clz.o)(fz_ws.l)
    0x080066e8   0x00000056   Code   RO          523    x$fpl$f2d           fz_ws.l(f2d.o)(fz_ws.l)
    0x0800673e   0x00000002   PAD
    0x08006740   0x000000c4   Code   RO          525    x$fpl$fadd          fz_ws.l(faddsub_clz.o)(fz_ws.l)
    0x08006804   0x00000184   Code   RO          532    x$fpl$fdiv          fz_ws.l(fdiv.o)(fz_ws.l)
    0x08006988   0x00000036   Code   RO          535    x$fpl$ffix          fz_ws.l(ffix.o)(fz_ws.l)
    0x080069be   0x00000002   PAD
    0x080069c0   0x0000003e   Code   RO          539    x$fpl$ffixu         fz_ws.l(ffixu.o)(fz_ws.l)
    0x080069fe   0x00000002   PAD
    0x08006a00   0x00000030   Code   RO          544    x$fpl$fflt          fz_ws.l(fflt_clz.o)(fz_ws.l)
    0x08006a30   0x00000102   Code   RO          549    x$fpl$fmul          fz_ws.l(fmul.o)(fz_ws.l)
    0x08006b32   0x0000008c   Code   RO          594    x$fpl$fnaninf       fz_ws.l(fnaninf.o)(fz_ws.l)
    0x08006bbe   0x0000000e   Code   RO          734    x$fpl$fpinit        fz_ws.l(fpinit.o)(fz_ws.l)
    0x08006bcc   0x0000000a   Code   RO          596    x$fpl$fretinf       fz_ws.l(fretinf.o)(fz_ws.l)
    0x08006bd6   0x00000002   PAD
    0x08006bd8   0x000000ea   Code   RO          527    x$fpl$fsub          fz_ws.l(faddsub_clz.o)(fz_ws.l)
    0x08006cc2   0x00000064   Code   RO          689    x$fpl$retnan        fz_ws.l(retnan.o)(fz_ws.l)
    0x08006d26   0x00000060   Code   RO          601    x$fpl$scalbn        fz_ws.l(scalbn.o)(fz_ws.l)
    0x08006d86   0x00000030   Code   RO          736    x$fpl$trapveneer    fz_ws.l(trapv.o)(fz_ws.l)
    0x08006db6   0x00000000   Code   RO          606    x$fpl$usenofp       fz_ws.l(usenofp.o)(fz_ws.l)
    0x08006db6   0x00000a64   Data   RO          214    .constdata          lcd.o
    0x0800781a   0x00000028   Data   RO          454    .constdata          c_w.l(_printf_hex_int.o)(c_w.l)
    0x08007842   0x00000006   PAD
    0x08007848   0x00000098   Data   RO          609    .constdata          m_ws.l(atan.o)(m_ws.l)
    0x080078e0   0x00000030   Data   RO          618    .constdata          m_ws.l(cos_i.o)(m_ws.l)
    0x08007910   0x00000008   Data   RO          620    .constdata          m_ws.l(qnan.o)(m_ws.l)
    0x08007918   0x000000c8   Data   RO          623    .constdata          m_ws.l(rred.o)(m_ws.l)
    0x080079e0   0x00000028   Data   RO          627    .constdata          m_ws.l(sin_i.o)(m_ws.l)
    0x08007a08   0x00000020   Data   RO          813    Region$$Table       anon$$obj.o


    Execution Region RW_IRAM1 (Base: 0x20000000, Size: 0x000037a8, Max: 0x00005000, ABSOLUTE)

    Base Addr    Size         Type   Attr      Idx    E Section Name        Object

    0x20000000   0x00000014   Data   RW          138    .data               system_stm32f10x.o
    0x20000014   0x00000004   Data   RW          215    .data               lcd.o
    0x20000018   0x00000004   Data   RW          252    .data               delay.o
    0x2000001c   0x00000008   Data   RW          279    .data               usart.o
    0x20000024   0x00000014   Data   RW          367    .data               stm32f10x_rcc.o
    0x20000038   0x00003038   Zero   RW            2    .bss                main.o
    0x20003070   0x0000000a   Zero   RW          213    .bss                lcd.o
    0x2000307a   0x000000c8   Zero   RW          278    .bss                usart.o
    0x20003142   0x00000002   PAD
    0x20003144   0x00000060   Zero   RW          674    .bss                c_w.l(libspace.o)(c_w.l)
    0x200031a4   0x00000004   PAD
    0x200031a8   0x00000200   Zero   RW          312    HEAP                startup_stm32f10x_hd.o
    0x200033a8   0x00000400   Zero   RW          311    STACK               startup_stm32f10x_hd.o


==============================================================================

Image component sizes


      Code (inc. data)   RO Data    RW Data    ZI Data      Debug   Object Name

       228         10          0          0          0          0   adc.o
         0          0          0          0          0          0   core_cm3.o
      1502       1008          0          0          0          0   cr4_fft_256_stm32.o
       196         16          0          4          0          0   delay.o
      9152        142       2660          4         10          0   lcd.o
        76          8          0          0          0          0   led.o
      1532         74          0          0      12344          0   main.o
       248         30          0          0          0          0   misc.o
        64         26        304          0       1536          0   startup_stm32f10x_hd.o
      1088         36          0          0          0          0   stm32f10x_adc.o
      1560         54          0          0          0          0   stm32f10x_fsmc.o
       856         40          0          0          0          0   stm32f10x_gpio.o
        26          0          0          0          0          0   stm32f10x_it.o
       932         52          0         20          0          0   stm32f10x_rcc.o
      1036         20          0          0          0          0   stm32f10x_usart.o
        12          0          0          0          0          0   sys.o
       456         36          0         20          0          0   system_stm32f10x.o
       328         22          0          8        200          0   usart.o

    ----------------------------------------------------------------------
     19294       1574       2996         56      14092          0   Object Totals
         0          0         32          0          0          0   (incl. Generated)
         2          0          0          0          2          3   (incl. Padding)

    ----------------------------------------------------------------------

      Code (inc. data)   RO Data    RW Data    ZI Data      Debug   Library Member Name

         8          0          0          0          0          0   __main.o
       106          0          0          0          0          0   __printf.o
        52          8          0          0          0          0   __scatter.o
        26          0          0          0          0          0   __scatter_copy.o
        28          0          0          0          0          0   __scatter_zi.o
        48          6          0          0          0          0   _printf_char_common.o
        36          4          0          0          0          0   _printf_char_file.o
        92          4         40          0          0          0   _printf_hex_int.o
       180          0          0          0          0          0   _printf_intcommon.o
         0          0          0          0          0          0   _printf_percent.o
         4          0          0          0          0          0   _printf_percent_end.o
         6          0          0          0          0          0   _printf_x.o
        22          0          0          0          0          0   _rserrno.o
        12          0          0          0          0          0   exit.o
         8          0          0          0          0          0   ferror.o
         6          0          0          0          0          0   heapauxi.o
         6          0          0          0          0          0   libinit.o
         2          0          0          0          0          0   libinit2.o
         2          0          0          0          0          0   libshutdown.o
         2          0          0          0          0          0   libshutdown2.o
         8          4          0          0         96          0   libspace.o
        24          4          0          0          0          0   noretval__2printf.o
        12          4          0          0          0          0   rt_errno_addr_intlibspace.o
        12          4          0          0          0          0   rt_fp_status_addr_intlibspace.o
         0          0          0          0          0          0   rtentry.o
        12          0          0          0          0          0   rtentry2.o
         6          0          0          0          0          0   rtentry4.o
         2          0          0          0          0          0   rtexit.o
        10          0          0          0          0          0   rtexit2.o
        74          0          0          0          0          0   sys_stackheap_outer.o
         2          0          0          0          0          0   use_no_semi.o
         2          0          0          0          0          0   use_no_semi_2.o
        98          4          0          0          0          0   d2f.o
       822         16          0          0          0          0   daddsub_clz.o
        16          4          0          0          0          0   dcheck1.o
        24          0          0          0          0          0   dcmpi.o
       688        140          0          0          0          0   ddiv.o
        94          4          0          0          0          0   dfix.o
        90          4          0          0          0          0   dfixu.o
        84          0          0          0          0          0   dflt_clz.o
       120          4          0          0          0          0   dleqf.o
       340         12          0          0          0          0   dmul.o
       156          4          0          0          0          0   dnaninf.o
        12          0          0          0          0          0   dretinf.o
       108          0          0          0          0          0   drleqf.o
       460         56          0          0          0          0   dsqrt_noumaal.o
        86          4          0          0          0          0   f2d.o
       430          8          0          0          0          0   faddsub_clz.o
       388         76          0          0          0          0   fdiv.o
        54          4          0          0          0          0   ffix.o
        62          4          0          0          0          0   ffixu.o
        48          0          0          0          0          0   fflt_clz.o
       258          4          0          0          0          0   fmul.o
       140          4          0          0          0          0   fnaninf.o
        14          0          0          0          0          0   fpinit.o
        10          0          0          0          0          0   fretinf.o
       100          0          0          0          0          0   retnan.o
        96          0          0          0          0          0   scalbn.o
        48          0          0          0          0          0   trapv.o
         0          0          0          0          0          0   usenofp.o
       548         68        152          0          0          0   atan.o
       384         38          0          0          0          0   atan2.o
       252         22         48          0          0          0   cos_i.o
        16          6          0          0          0          0   dunder.o
        40          0          0          0          0          0   fpclassify.o
       170          0          0          0          0          0   poly.o
         0          0          8          0          0          0   qnan.o
       904         72        200          0          0          0   rred.o
       176         10          0          0          0          0   sin.o
       240         14         40          0          0          0   sin_i.o
        74          0          0          0          0          0   sqrt.o

    ----------------------------------------------------------------------
      8488        620        494          0        100          0   Library Totals
        28          0          6          0          4          0   (incl. Padding)

    ----------------------------------------------------------------------

      Code (inc. data)   RO Data    RW Data    ZI Data      Debug   Library Name

       810         38         40          0         96       1396   c_w.l
      4846        352          0          0          0       2764   fz_ws.l
      2804        230        448          0          0       1108   m_ws.l

    ----------------------------------------------------------------------
      8488        620        494          0        100          0   Library Totals

    ----------------------------------------------------------------------

==============================================================================


      Code (inc. data)   RO Data    RW Data    ZI Data      Debug   

     27782       2194       3490         56      14192     538152   Grand Totals
     27782       2194       3490         56      14192     538152   ELF Image Totals
     27782       2194       3490         56          0          0   ROM Totals

==============================================================================

    Total RO  Size (Code + RO Data)                31272 (  30.54kB)
    Total RW  Size (RW Data + ZI Data)             14248 (  13.91kB)
    Total ROM Size (Code + RO Data + RW Data)      31328 (  30.59kB)

==============================================================================

